ORDINAL RUN START {"allow_existing_log_dir": true, "amp_enabled": true, "amp_init_scale": 1024.0, "asap_root": "/workspace/public/ASAP/asap-dataset-v1.1", "batch_size": 16, "checkpoint_path": "/workspace/project/checkpoints/pianist_transformer", "early_stopping_min_delta": 0.0001, "early_stopping_patience": 4, "encoder_lr": 1e-05, "expected_gpu_uuid": "GPU-6982dbee-fbaf-f359-d7ef-a22d0e83400b", "freeze_encoder": false, "head_lr": 0.0001, "lambda_ordinal": 0.1, "loss_configuration": {"cdf_dtype": "float32", "classes": 128, "ignore_index": -100, "name": "cross_entropy_plus_squared_cdf_cramer_ordinal", "reduction": "mean_over_valid_targets_and_thresholds", "thresholds": 127}, "max_epochs": 20, "max_grad_norm": 1.0, "num_workers": 0, "output_dir": "/workspace/project/analysis/stage2_encoder_only_ordinal_v0/lambda_0p1", "pianist_transformer_commit": "747df2d12291e37f6638b39f1b71517e579ad48c", "pin_memory": true, "resume": null, "seed": 20260710, "split_csv": "/workspace/project/analysis/stage2_encoder_only_v0/asap_split.csv", "weight_decay": 0.01}
GPU uuid=GPU-6982dbee-fbaf-f359-d7ef-a22d0e83400b model=NVIDIA GeForce RTX 2080 Ti
preload seconds=56.697 train_performances=892 train_windows=11230 validation_performances=71 validation_windows=1078
initial_parameter_sha256=a4dd5903a82d9887c0a5784741ee78ce9ad842efc091e41ee3990f382e7720b8
epoch 1 start train_batches=702 validation_batches=68
train batch 100/702 total=2.138337 ce=2.122750 ordinal=0.155876 global_step=100
train batch 200/702 total=3.039188 ce=3.024665 ordinal=0.145235 global_step=200
train batch 300/702 total=3.197906 ce=3.180896 ordinal=0.170110 global_step=300
train batch 400/702 total=2.639565 ce=2.624695 ordinal=0.148702 global_step=400
train batch 500/702 total=2.410160 ce=2.393660 ordinal=0.165007 global_step=500
train batch 600/702 total=2.747717 ce=2.733494 ordinal=0.142229 global_step=600
train batch 700/702 total=2.142074 ce=2.127338 ordinal=0.147351 global_step=700
epoch 1 complete train={'total_loss': 2.7445828777014984, 'ce_loss': 2.728265745114662, 'ordinal_loss': 0.16317129637360653, 'pedal_token_accuracy': 0.48165661540966237, 'pedal_value_mae': 36.06361240359641, 'encoder_gradient_norm': 3.5547650066806313, 'head_gradient_norm': 2.163318521700056, 'total_gradient_norm': 4.312973271056413, 'encoder_learning_rate': 9.999999999999838e-06, 'head_learning_rate': 0.00010000000000000136, 'exact_note_accuracy': 0.41884572422101307, 'pedal1_accuracy': 0.4806047730483452, 'pedal2_accuracy': 0.47875895037881805, 'pedal3_accuracy': 0.47993111387014326, 'pedal4_accuracy': 0.4873316243413429, 'valid_target_count': 22996792, 'valid_note_count': 5749198, 'amp_scale': 1024.0} validation={'total_loss': 2.2864923862004325, 'ce_loss': 2.2707816116885042, 'ordinal_loss': 0.15710773683932364, 'pedal_token_accuracy': 0.5613553926542207, 'pedal_value_mae': 32.51735844550195, 'encoder_gradient_norm': 0.0, 'head_gradient_norm': 0.0, 'total_gradient_norm': 0.0, 'encoder_learning_rate': 0.0, 'head_learning_rate': 0.0, 'exact_note_accuracy': 0.509473924512987, 'pedal1_accuracy': 0.5606664540816326, 'pedal2_accuracy': 0.5591680919526901, 'pedal3_accuracy': 0.5627156047077922, 'pedal4_accuracy': 0.5628714198747681, 'valid_target_count': 2207744, 'valid_note_count': 551936, 'amp_scale': 1.0} seconds=248.701 peak_gpu_bytes=9375656960 improved=True early_counter=0
epoch 2 start train_batches=702 validation_batches=68
train batch 100/702 total=2.710068 ce=2.695014 ordinal=0.150547 global_step=802
train batch 200/702 total=2.754475 ce=2.736956 ordinal=0.175196 global_step=902
train batch 300/702 total=2.719040 ce=2.706674 ordinal=0.123661 global_step=1002
train batch 400/702 total=2.829737 ce=2.814453 ordinal=0.152841 global_step=1102
train batch 500/702 total=2.562836 ce=2.549255 ordinal=0.135809 global_step=1202
train batch 600/702 total=2.693350 ce=2.678780 ordinal=0.145692 global_step=1302
train batch 700/702 total=2.479324 ce=2.466764 ordinal=0.125599 global_step=1402
epoch 2 complete train={'total_loss': 2.533394349256235, 'ce_loss': 2.519603550630659, 'ordinal_loss': 0.13790797020802212, 'pedal_token_accuracy': 0.5274869207844294, 'pedal_value_mae': 30.97699049215987, 'encoder_gradient_norm': 4.12113716728853, 'head_gradient_norm': 1.6299303360493174, 'total_gradient_norm': 4.456211460946104, 'encoder_learning_rate': 9.999999999999835e-06, 'head_learning_rate': 0.00010000000000000139, 'exact_note_accuracy': 0.4752671590020034, 'pedal1_accuracy': 0.525801685730775, 'pedal2_accuracy': 0.5253786702075663, 'pedal3_accuracy': 0.5291748518662951, 'pedal4_accuracy': 0.5295924753330813, 'valid_target_count': 22996792, 'valid_note_count': 5749198, 'amp_scale': 1024.0} validation={'total_loss': 2.26104905388572, 'ce_loss': 2.2458755153893097, 'ordinal_loss': 0.1517353158769006, 'pedal_token_accuracy': 0.571824903612013, 'pedal_value_mae': 30.963342671933997, 'encoder_gradient_norm': 0.0, 'head_gradient_norm': 0.0, 'total_gradient_norm': 0.0, 'encoder_learning_rate': 0.0, 'head_learning_rate': 0.0, 'exact_note_accuracy': 0.5186543367346939, 'pedal1_accuracy': 0.5705570935760668, 'pedal2_accuracy': 0.56976352330705, 'pedal3_accuracy': 0.5734088734925789, 'pedal4_accuracy': 0.5735701240723562, 'valid_target_count': 2207744, 'valid_note_count': 551936, 'amp_scale': 1.0} seconds=249.274 peak_gpu_bytes=9375656960 improved=True early_counter=0
epoch 3 start train_batches=702 validation_batches=68
train batch 100/702 total=2.915609 ce=2.901407 ordinal=0.142020 global_step=1504
train batch 200/702 total=2.503556 ce=2.491155 ordinal=0.124013 global_step=1604
train batch 300/702 total=2.428614 ce=2.416003 ordinal=0.126106 global_step=1704
train batch 400/702 total=2.350413 ce=2.339254 ordinal=0.111586 global_step=1804
train batch 500/702 total=2.271254 ce=2.257617 ordinal=0.136366 global_step=1904
train batch 600/702 total=2.469893 ce=2.456811 ordinal=0.130820 global_step=2004
train batch 700/702 total=2.849140 ce=2.834372 ordinal=0.147676 global_step=2104
epoch 3 complete train={'total_loss': 2.477292661957161, 'ce_loss': 2.4644840117327225, 'ordinal_loss': 0.12808649160835886, 'pedal_token_accuracy': 0.5397775915875571, 'pedal_value_mae': 29.15043233782175, 'encoder_gradient_norm': 3.8992215352338357, 'head_gradient_norm': 1.4116499771291102, 'total_gradient_norm': 4.1671775740796075, 'encoder_learning_rate': 9.999999999999836e-06, 'head_learning_rate': 0.00010000000000000139, 'exact_note_accuracy': 0.486647528924904, 'pedal1_accuracy': 0.5376885610827806, 'pedal2_accuracy': 0.5379985173584211, 'pedal3_accuracy': 0.5416428517508007, 'pedal4_accuracy': 0.5417804361582259, 'valid_target_count': 22996792, 'valid_note_count': 5749198, 'amp_scale': 2048.0} validation={'total_loss': 2.2752703903778584, 'ce_loss': 2.259886151784426, 'ordinal_loss': 0.15384238023926022, 'pedal_token_accuracy': 0.5703727424918831, 'pedal_value_mae': 31.208374250797704, 'encoder_gradient_norm': 0.0, 'head_gradient_norm': 0.0, 'total_gradient_norm': 0.0, 'encoder_learning_rate': 0.0, 'head_learning_rate': 0.0, 'exact_note_accuracy': 0.518386189703154, 'pedal1_accuracy': 0.568393799281076, 'pedal2_accuracy': 0.5693232548701299, 'pedal3_accuracy': 0.5719485592532467, 'pedal4_accuracy': 0.5718253565630798, 'valid_target_count': 2207744, 'valid_note_count': 551936, 'amp_scale': 1.0} seconds=249.193 peak_gpu_bytes=9375656960 improved=False early_counter=1
epoch 4 start train_batches=702 validation_batches=68
train batch 100/702 total=2.745998 ce=2.732363 ordinal=0.136341 global_step=2206
train batch 200/702 total=2.454407 ce=2.442601 ordinal=0.118059 global_step=2306
train batch 300/702 total=2.880323 ce=2.868079 ordinal=0.122436 global_step=2406
train batch 400/702 total=2.457137 ce=2.444880 ordinal=0.122570 global_step=2506
train batch 500/702 total=2.476194 ce=2.463470 ordinal=0.127243 global_step=2606
train batch 600/702 total=2.370358 ce=2.355845 ordinal=0.145126 global_step=2706
train batch 700/702 total=2.687845 ce=2.675971 ordinal=0.118748 global_step=2806
epoch 4 complete train={'total_loss': 2.4379399389707195, 'ce_loss': 2.425752442426813, 'ordinal_loss': 0.121874994370939, 'pedal_token_accuracy': 0.5470242979977381, 'pedal_value_mae': 28.063712547467347, 'encoder_gradient_norm': 4.467908216048712, 'head_gradient_norm': 1.4156978517196752, 'total_gradient_norm': 4.705320492806374, 'encoder_learning_rate': 9.999999999999835e-06, 'head_learning_rate': 0.00010000000000000139, 'exact_note_accuracy': 0.49359458484470353, 'pedal1_accuracy': 0.5447932041999597, 'pedal2_accuracy': 0.5452235250899343, 'pedal3_accuracy': 0.548984571413265, 'pedal4_accuracy': 0.5490958912877936, 'valid_target_count': 22996792, 'valid_note_count': 5749198, 'amp_scale': 2048.0} validation={'total_loss': 2.311243181989454, 'ce_loss': 2.29505167710759, 'ordinal_loss': 0.1619150524679053, 'pedal_token_accuracy': 0.5596957799455009, 'pedal_value_mae': 32.49833540659888, 'encoder_gradient_norm': 0.0, 'head_gradient_norm': 0.0, 'total_gradient_norm': 0.0, 'encoder_learning_rate': 0.0, 'head_learning_rate': 0.0, 'exact_note_accuracy': 0.5090934456168831, 'pedal1_accuracy': 0.5581987766697588, 'pedal2_accuracy': 0.5583618390538033, 'pedal3_accuracy': 0.561119405148423, 'pedal4_accuracy': 0.5611030989100185, 'valid_target_count': 2207744, 'valid_note_count': 551936, 'amp_scale': 1.0} seconds=249.384 peak_gpu_bytes=9375656960 improved=False early_counter=2
epoch 5 start train_batches=702 validation_batches=68
train batch 100/702 total=2.660307 ce=2.647743 ordinal=0.125641 global_step=2908
train batch 200/702 total=2.185120 ce=2.173747 ordinal=0.113733 global_step=3008
train batch 300/702 total=2.488252 ce=2.475813 ordinal=0.124385 global_step=3108
train batch 400/702 total=2.557636 ce=2.545376 ordinal=0.122602 global_step=3208
train batch 500/702 total=2.133511 ce=2.122783 ordinal=0.107274 global_step=3308
train batch 600/702 total=2.475908 ce=2.464411 ordinal=0.114970 global_step=3408
train batch 700/702 total=2.436673 ce=2.425222 ordinal=0.114509 global_step=3508
epoch 5 complete train={'total_loss': 2.40422866753199, 'ce_loss': 2.3925409730482965, 'ordinal_loss': 0.11687697083660822, 'pedal_token_accuracy': 0.5524308347007705, 'pedal_value_mae': 27.240834810878475, 'encoder_gradient_norm': 4.9295587484564765, 'head_gradient_norm': 1.4192372406665348, 'total_gradient_norm': 5.148117784057424, 'encoder_learning_rate': 9.999999999999835e-06, 'head_learning_rate': 0.00010000000000000139, 'exact_note_accuracy': 0.4987417375432191, 'pedal1_accuracy': 0.5501546476569428, 'pedal2_accuracy': 0.5506171469481482, 'pedal3_accuracy': 0.5544303744626642, 'pedal4_accuracy': 0.5545211697353266, 'valid_target_count': 22996792, 'valid_note_count': 5749198, 'amp_scale': 2048.0} validation={'total_loss': 2.334697163281945, 'ce_loss': 2.3185078997116584, 'ordinal_loss': 0.1618927757295474, 'pedal_token_accuracy': 0.5642044548643321, 'pedal_value_mae': 31.74142790106099, 'encoder_gradient_norm': 0.0, 'head_gradient_norm': 0.0, 'total_gradient_norm': 0.0, 'encoder_learning_rate': 0.0, 'head_learning_rate': 0.0, 'exact_note_accuracy': 0.5141719329777366, 'pedal1_accuracy': 0.563420396567718, 'pedal2_accuracy': 0.56278082966141, 'pedal3_accuracy': 0.565632609577922, 'pedal4_accuracy': 0.5649839836502782, 'valid_target_count': 2207744, 'valid_note_count': 551936, 'amp_scale': 1.0} seconds=249.088 peak_gpu_bytes=9375656960 improved=False early_counter=3
epoch 6 start train_batches=702 validation_batches=68
train batch 100/702 total=2.636407 ce=2.625127 ordinal=0.112808 global_step=3610
train batch 200/702 total=2.048259 ce=2.038033 ordinal=0.102257 global_step=3710
train batch 300/702 total=1.897980 ce=1.886941 ordinal=0.110393 global_step=3810
train batch 400/702 total=2.896663 ce=2.885450 ordinal=0.112128 global_step=3910
train batch 500/702 total=2.085531 ce=2.077086 ordinal=0.084457 global_step=4010
train batch 600/702 total=2.920635 ce=2.910227 ordinal=0.104087 global_step=4110
train batch 700/702 total=2.787394 ce=2.774590 ordinal=0.128039 global_step=4210
epoch 6 complete train={'total_loss': 2.3682049064941957, 'ce_loss': 2.3570281626610927, 'ordinal_loss': 0.11176747297932874, 'pedal_token_accuracy': 0.5571658864419002, 'pedal_value_mae': 26.515017922347894, 'encoder_gradient_norm': 4.977213008827055, 'head_gradient_norm': 1.2449607648279952, 'total_gradient_norm': 5.14236609082569, 'encoder_learning_rate': 9.999999999999836e-06, 'head_learning_rate': 0.00010000000000000136, 'exact_note_accuracy': 0.503355946342429, 'pedal1_accuracy': 0.554884698700584, 'pedal2_accuracy': 0.5552696219542274, 'pedal3_accuracy': 0.5592002571489102, 'pedal4_accuracy': 0.5593089679638795, 'valid_target_count': 22996792, 'valid_note_count': 5749198, 'amp_scale': 4096.0} validation={'total_loss': 2.3017447107576925, 'ce_loss': 2.286139164762727, 'ordinal_loss': 0.15605541423018435, 'pedal_token_accuracy': 0.5723313029046846, 'pedal_value_mae': 30.77450555861549, 'encoder_gradient_norm': 0.0, 'head_gradient_norm': 0.0, 'total_gradient_norm': 0.0, 'encoder_learning_rate': 0.0, 'head_learning_rate': 0.0, 'exact_note_accuracy': 0.520542236781076, 'pedal1_accuracy': 0.5707908163265306, 'pedal2_accuracy': 0.5708415468460112, 'pedal3_accuracy': 0.5737458690862709, 'pedal4_accuracy': 0.5739469793599258, 'valid_target_count': 2207744, 'valid_note_count': 551936, 'amp_scale': 1.0} seconds=249.422 peak_gpu_bytes=9375656960 improved=False early_counter=4
ORDINAL RUN COMPLETE {"best_epoch": 2, "best_validation_loss": 2.26104905388572, "completed_epoch": 6, "global_optimizer_step": 4212, "initial_parameter_sha256": "a4dd5903a82d9887c0a5784741ee78ce9ad842efc091e41ee3990f382e7720b8", "runtime_seconds": 1517.717950541526, "stop_reason": "early_stopping"}
