ORDINAL RUN START {"allow_existing_log_dir": true, "amp_enabled": true, "amp_init_scale": 1024.0, "asap_root": "/workspace/public/ASAP/asap-dataset-v1.1", "batch_size": 16, "checkpoint_path": "/workspace/project/checkpoints/pianist_transformer", "early_stopping_min_delta": 0.0001, "early_stopping_patience": 4, "encoder_lr": 1e-05, "expected_gpu_uuid": "GPU-6982dbee-fbaf-f359-d7ef-a22d0e83400b", "freeze_encoder": false, "head_lr": 0.0001, "lambda_ordinal": 1.0, "loss_configuration": {"cdf_dtype": "float32", "classes": 128, "ignore_index": -100, "name": "cross_entropy_plus_squared_cdf_cramer_ordinal", "reduction": "mean_over_valid_targets_and_thresholds", "thresholds": 127}, "max_epochs": 20, "max_grad_norm": 1.0, "num_workers": 0, "output_dir": "/workspace/project/analysis/stage2_encoder_only_ordinal_v0/lambda_1p0", "pianist_transformer_commit": "747df2d12291e37f6638b39f1b71517e579ad48c", "pin_memory": true, "resume": null, "seed": 20260710, "split_csv": "/workspace/project/analysis/stage2_encoder_only_v0/asap_split.csv", "weight_decay": 0.01}
GPU uuid=GPU-6982dbee-fbaf-f359-d7ef-a22d0e83400b model=NVIDIA GeForce RTX 2080 Ti
preload seconds=64.774 train_performances=892 train_windows=11230 validation_performances=71 validation_windows=1078
initial_parameter_sha256=a4dd5903a82d9887c0a5784741ee78ce9ad842efc091e41ee3990f382e7720b8
epoch 1 start train_batches=702 validation_batches=68
train batch 100/702 total=2.274757 ce=2.120090 ordinal=0.154667 global_step=100
train batch 200/702 total=3.176363 ce=3.030829 ordinal=0.145534 global_step=200
train batch 300/702 total=3.349071 ce=3.179561 ordinal=0.169510 global_step=300
train batch 400/702 total=2.767210 ce=2.619748 ordinal=0.147462 global_step=400
train batch 500/702 total=2.553595 ce=2.389627 ordinal=0.163968 global_step=500
train batch 600/702 total=2.871807 ce=2.730486 ordinal=0.141320 global_step=600
train batch 700/702 total=2.271411 ce=2.124941 ordinal=0.146470 global_step=700
epoch 1 complete train={'total_loss': 2.8887951244014762, 'ce_loss': 2.7264965138787307, 'ordinal_loss': 0.16229860920276976, 'pedal_token_accuracy': 0.482958449161083, 'pedal_value_mae': 35.85627208870698, 'encoder_gradient_norm': 4.179974893439736, 'head_gradient_norm': 2.4044233530665458, 'total_gradient_norm': 4.987662571131306, 'encoder_learning_rate': 9.999999999999838e-06, 'head_learning_rate': 0.00010000000000000136, 'exact_note_accuracy': 0.42019460801315245, 'pedal1_accuracy': 0.4818769504894422, 'pedal2_accuracy': 0.4800097335315291, 'pedal3_accuracy': 0.48116902566236197, 'pedal4_accuracy': 0.4887780869609987, 'valid_target_count': 22996792, 'valid_note_count': 5749198, 'amp_scale': 1024.0} validation={'total_loss': 2.4282609045173773, 'ce_loss': 2.271173320365085, 'ordinal_loss': 0.15708759176874867, 'pedal_token_accuracy': 0.5613177977156771, 'pedal_value_mae': 32.5287710005808, 'encoder_gradient_norm': 0.0, 'head_gradient_norm': 0.0, 'total_gradient_norm': 0.0, 'encoder_learning_rate': 0.0, 'head_learning_rate': 0.0, 'exact_note_accuracy': 0.5088778409090909, 'pedal1_accuracy': 0.5607026901669759, 'pedal2_accuracy': 0.5592586821660482, 'pedal3_accuracy': 0.5625036236085343, 'pedal4_accuracy': 0.5628061949211502, 'valid_target_count': 2207744, 'valid_note_count': 551936, 'amp_scale': 1.0} seconds=249.021 peak_gpu_bytes=9389157376 improved=True early_counter=0
epoch 2 start train_batches=702 validation_batches=68
train batch 100/702 total=2.840257 ce=2.690936 ordinal=0.149321 global_step=802
train batch 200/702 total=2.900352 ce=2.727235 ordinal=0.173116 global_step=902
train batch 300/702 total=2.824698 ce=2.702010 ordinal=0.122688 global_step=1002
train batch 400/702 total=2.965605 ce=2.813211 ordinal=0.152394 global_step=1102
train batch 500/702 total=2.680469 ce=2.545654 ordinal=0.134815 global_step=1202
train batch 600/702 total=2.812799 ce=2.669337 ordinal=0.143462 global_step=1302
train batch 700/702 total=2.588019 ce=2.463163 ordinal=0.124856 global_step=1402
epoch 2 complete train={'total_loss': 2.6536605149669596, 'ce_loss': 2.516663129656483, 'ordinal_loss': 0.13699738653762747, 'pedal_token_accuracy': 0.5288982915530132, 'pedal_value_mae': 30.771312631594952, 'encoder_gradient_norm': 4.799992680587235, 'head_gradient_norm': 1.8215698973478833, 'total_gradient_norm': 5.159162697751682, 'encoder_learning_rate': 9.999999999999835e-06, 'head_learning_rate': 0.00010000000000000139, 'exact_note_accuracy': 0.4761700675468126, 'pedal1_accuracy': 0.5271637887580146, 'pedal2_accuracy': 0.526850527673599, 'pedal3_accuracy': 0.530603051069036, 'pedal4_accuracy': 0.5309757987114029, 'valid_target_count': 22996792, 'valid_note_count': 5749198, 'amp_scale': 1024.0} validation={'total_loss': 2.396898931165352, 'ce_loss': 2.245311951814202, 'ordinal_loss': 0.15158698553001726, 'pedal_token_accuracy': 0.5719512769596475, 'pedal_value_mae': 30.94333265177173, 'encoder_gradient_norm': 0.0, 'head_gradient_norm': 0.0, 'total_gradient_norm': 0.0, 'encoder_learning_rate': 0.0, 'head_learning_rate': 0.0, 'exact_note_accuracy': 0.5182829168599258, 'pedal1_accuracy': 0.570772698283859, 'pedal2_accuracy': 0.5700606592068646, 'pedal3_accuracy': 0.573466851229128, 'pedal4_accuracy': 0.5735048991187384, 'valid_target_count': 2207744, 'valid_note_count': 551936, 'amp_scale': 1.0} seconds=249.406 peak_gpu_bytes=9388764160 improved=True early_counter=0
epoch 3 start train_batches=702 validation_batches=68
train batch 100/702 total=3.041308 ce=2.900057 ordinal=0.141251 global_step=1504
train batch 200/702 total=2.609548 ce=2.486687 ordinal=0.122861 global_step=1604
train batch 300/702 total=2.535273 ce=2.410435 ordinal=0.124838 global_step=1704
train batch 400/702 total=2.446403 ce=2.335773 ordinal=0.110629 global_step=1804
train batch 500/702 total=2.394620 ce=2.258609 ordinal=0.136011 global_step=1904
train batch 600/702 total=2.588099 ce=2.457482 ordinal=0.130618 global_step=2004
train batch 700/702 total=2.971438 ce=2.825633 ordinal=0.145806 global_step=2104
epoch 3 complete train={'total_loss': 2.5889304721772155, 'ce_loss': 2.461692685425624, 'ordinal_loss': 0.12723778741413933, 'pedal_token_accuracy': 0.5410591616430674, 'pedal_value_mae': 28.955348474017956, 'encoder_gradient_norm': 4.500512467279631, 'head_gradient_norm': 1.5571233357925174, 'total_gradient_norm': 4.783192277164033, 'encoder_learning_rate': 9.999999999999836e-06, 'head_learning_rate': 0.00010000000000000139, 'exact_note_accuracy': 0.4876414066796795, 'pedal1_accuracy': 0.5389529113451998, 'pedal2_accuracy': 0.5393214844922718, 'pedal3_accuracy': 0.5429519039003353, 'pedal4_accuracy': 0.5430103468344628, 'valid_target_count': 22996792, 'valid_note_count': 5749198, 'amp_scale': 2048.0} validation={'total_loss': 2.4160458099421853, 'ce_loss': 2.262091501966699, 'ordinal_loss': 0.15395430533529877, 'pedal_token_accuracy': 0.5706295657467533, 'pedal_value_mae': 31.172670835024352, 'encoder_gradient_norm': 0.0, 'head_gradient_norm': 0.0, 'total_gradient_norm': 0.0, 'encoder_learning_rate': 0.0, 'head_learning_rate': 0.0, 'exact_note_accuracy': 0.5187014436456401, 'pedal1_accuracy': 0.5687452893089053, 'pedal2_accuracy': 0.5697037337662337, 'pedal3_accuracy': 0.572220329893321, 'pedal4_accuracy': 0.5718489100185529, 'valid_target_count': 2207744, 'valid_note_count': 551936, 'amp_scale': 1.0} seconds=249.305 peak_gpu_bytes=9388764160 improved=False early_counter=1
epoch 4 start train_batches=702 validation_batches=68
train batch 100/702 total=2.861601 ce=2.726745 ordinal=0.134855 global_step=2206
train batch 200/702 total=2.554049 ce=2.437362 ordinal=0.116687 global_step=2306
train batch 300/702 total=2.986516 ce=2.864800 ordinal=0.121716 global_step=2406
train batch 400/702 total=2.564854 ce=2.442947 ordinal=0.121907 global_step=2506
train batch 500/702 total=2.587825 ce=2.461589 ordinal=0.126236 global_step=2606
train batch 600/702 total=2.496350 ce=2.352354 ordinal=0.143996 global_step=2706
train batch 700/702 total=2.790457 ce=2.672331 ordinal=0.118126 global_step=2806
epoch 4 complete train={'total_loss': 2.5443671042301528, 'ce_loss': 2.4233083780681666, 'ordinal_loss': 0.12105872667389135, 'pedal_token_accuracy': 0.5482611661661331, 'pedal_value_mae': 27.875968266883806, 'encoder_gradient_norm': 5.147912352267363, 'head_gradient_norm': 1.568406876212694, 'total_gradient_norm': 5.400547346474095, 'encoder_learning_rate': 9.999999999999835e-06, 'head_learning_rate': 0.00010000000000000139, 'exact_note_accuracy': 0.4946691695085123, 'pedal1_accuracy': 0.5459942412837407, 'pedal2_accuracy': 0.546464915628232, 'pedal3_accuracy': 0.5502167432744532, 'pedal4_accuracy': 0.5503687644781063, 'valid_target_count': 22996792, 'valid_note_count': 5749198, 'amp_scale': 2048.0} validation={'total_loss': 2.456826517887151, 'ce_loss': 2.2953362891758085, 'ordinal_loss': 0.16149023574723384, 'pedal_token_accuracy': 0.5609368658685064, 'pedal_value_mae': 32.354810615638634, 'encoder_gradient_norm': 0.0, 'head_gradient_norm': 0.0, 'total_gradient_norm': 0.0, 'encoder_learning_rate': 0.0, 'head_learning_rate': 0.0, 'exact_note_accuracy': 0.5101189268320965, 'pedal1_accuracy': 0.5593836966604824, 'pedal2_accuracy': 0.5596699617346939, 'pedal3_accuracy': 0.5625054354128015, 'pedal4_accuracy': 0.5621883696660482, 'valid_target_count': 2207744, 'valid_note_count': 551936, 'amp_scale': 1.0} seconds=249.185 peak_gpu_bytes=9388764160 improved=False early_counter=2
epoch 5 start train_batches=702 validation_batches=68
train batch 100/702 total=2.773109 ce=2.647985 ordinal=0.125125 global_step=2908
train batch 200/702 total=2.272727 ce=2.161741 ordinal=0.110986 global_step=3008
train batch 300/702 total=2.594191 ce=2.471239 ordinal=0.122953 global_step=3108
train batch 400/702 total=2.663927 ce=2.542323 ordinal=0.121604 global_step=3208
train batch 500/702 total=2.225348 ce=2.119105 ordinal=0.106243 global_step=3308
train batch 600/702 total=2.577925 ce=2.463763 ordinal=0.114162 global_step=3408
train batch 700/702 total=2.539238 ce=2.425359 ordinal=0.113879 global_step=3508
epoch 5 complete train={'total_loss': 2.505931049899985, 'ce_loss': 2.389952459859478, 'ordinal_loss': 0.11597859267736524, 'pedal_token_accuracy': 0.5537546280368149, 'pedal_value_mae': 27.03884059345576, 'encoder_gradient_norm': 5.611424220408182, 'head_gradient_norm': 1.5616788917284998, 'total_gradient_norm': 5.843462939242607, 'encoder_learning_rate': 9.999999999999835e-06, 'head_learning_rate': 0.00010000000000000139, 'exact_note_accuracy': 0.5000010436238237, 'pedal1_accuracy': 0.5514723966716749, 'pedal2_accuracy': 0.551971770671318, 'pedal3_accuracy': 0.5557676044554388, 'pedal4_accuracy': 0.5558067403488278, 'valid_target_count': 22996792, 'valid_note_count': 5749198, 'amp_scale': 2048.0} validation={'total_loss': 2.481066119914152, 'ce_loss': 2.319454140145615, 'ordinal_loss': 0.16161198192492043, 'pedal_token_accuracy': 0.5649735657757421, 'pedal_value_mae': 31.6330231240154, 'encoder_gradient_norm': 0.0, 'head_gradient_norm': 0.0, 'total_gradient_norm': 0.0, 'encoder_learning_rate': 0.0, 'head_learning_rate': 0.0, 'exact_note_accuracy': 0.5148712894248608, 'pedal1_accuracy': 0.5641016349721707, 'pedal2_accuracy': 0.5635490346706865, 'pedal3_accuracy': 0.5663917555658627, 'pedal4_accuracy': 0.5658518378942486, 'valid_target_count': 2207744, 'valid_note_count': 551936, 'amp_scale': 1.0} seconds=249.164 peak_gpu_bytes=9388764160 improved=False early_counter=3
epoch 6 start train_batches=702 validation_batches=68
train batch 100/702 total=2.732632 ce=2.620928 ordinal=0.111704 global_step=3610
train batch 200/702 total=2.136301 ce=2.035041 ordinal=0.101260 global_step=3710
train batch 300/702 total=1.997646 ce=1.887839 ordinal=0.109807 global_step=3810
train batch 400/702 total=2.996339 ce=2.885029 ordinal=0.111310 global_step=3910
train batch 500/702 total=2.160210 ce=2.076181 ordinal=0.084030 global_step=4010
train batch 600/702 total=3.010396 ce=2.906964 ordinal=0.103432 global_step=4110
train batch 700/702 total=2.897342 ce=2.770195 ordinal=0.127148 global_step=4210
epoch 6 complete train={'total_loss': 2.4654974378278944, 'ce_loss': 2.3546734661283417, 'ordinal_loss': 0.11082397122104327, 'pedal_token_accuracy': 0.5585889110098486, 'pedal_value_mae': 26.297466234809146, 'encoder_gradient_norm': 5.582493994390583, 'head_gradient_norm': 1.3523853860331498, 'total_gradient_norm': 5.7565212712650595, 'encoder_learning_rate': 9.999999999999836e-06, 'head_learning_rate': 0.00010000000000000136, 'exact_note_accuracy': 0.5047813625483067, 'pedal1_accuracy': 0.5562927211760667, 'pedal2_accuracy': 0.5566701651256402, 'pedal3_accuracy': 0.5606585475052347, 'pedal4_accuracy': 0.5607342102324533, 'valid_target_count': 22996792, 'valid_note_count': 5749198, 'amp_scale': 4096.0} validation={'total_loss': 2.4454393493001225, 'ce_loss': 2.2891365268677197, 'ordinal_loss': 0.156302826524002, 'pedal_token_accuracy': 0.5722343713763914, 'pedal_value_mae': 30.78397359830329, 'encoder_gradient_norm': 0.0, 'head_gradient_norm': 0.0, 'total_gradient_norm': 0.0, 'encoder_learning_rate': 0.0, 'head_learning_rate': 0.0, 'exact_note_accuracy': 0.5204480229591837, 'pedal1_accuracy': 0.5706802962662337, 'pedal2_accuracy': 0.5706966025046383, 'pedal3_accuracy': 0.57365709067718, 'pedal4_accuracy': 0.5739034960575139, 'valid_target_count': 2207744, 'valid_note_count': 551936, 'amp_scale': 1.0} seconds=249.310 peak_gpu_bytes=9388764160 improved=False early_counter=4
ORDINAL RUN COMPLETE {"best_epoch": 2, "best_validation_loss": 2.396898931165352, "completed_epoch": 6, "global_optimizer_step": 4212, "initial_parameter_sha256": "a4dd5903a82d9887c0a5784741ee78ce9ad842efc091e41ee3990f382e7720b8", "runtime_seconds": 1517.5045880116522, "stop_reason": "early_stopping"}
