ORDINAL RUN START {"allow_existing_log_dir": true, "amp_enabled": true, "amp_init_scale": 1024.0, "asap_root": "/workspace/public/ASAP/asap-dataset-v1.1", "batch_size": 16, "checkpoint_path": "/workspace/project/checkpoints/pianist_transformer", "early_stopping_min_delta": 0.0001, "early_stopping_patience": 4, "encoder_lr": 1e-05, "expected_gpu_uuid": "GPU-6982dbee-fbaf-f359-d7ef-a22d0e83400b", "freeze_encoder": false, "head_lr": 0.0001, "lambda_ordinal": 0.5, "loss_configuration": {"cdf_dtype": "float32", "classes": 128, "ignore_index": -100, "name": "cross_entropy_plus_squared_cdf_cramer_ordinal", "reduction": "mean_over_valid_targets_and_thresholds", "thresholds": 127}, "max_epochs": 20, "max_grad_norm": 1.0, "num_workers": 0, "output_dir": "/workspace/project/analysis/stage2_encoder_only_ordinal_v0/lambda_0p5", "pianist_transformer_commit": "747df2d12291e37f6638b39f1b71517e579ad48c", "pin_memory": true, "resume": null, "seed": 20260710, "split_csv": "/workspace/project/analysis/stage2_encoder_only_v0/asap_split.csv", "weight_decay": 0.01}
GPU uuid=GPU-6982dbee-fbaf-f359-d7ef-a22d0e83400b model=NVIDIA GeForce RTX 2080 Ti
preload seconds=62.909 train_performances=892 train_windows=11230 validation_performances=71 validation_windows=1078
initial_parameter_sha256=a4dd5903a82d9887c0a5784741ee78ce9ad842efc091e41ee3990f382e7720b8
epoch 1 start train_batches=702 validation_batches=68
train batch 100/702 total=2.199128 ce=2.121482 ordinal=0.155291 global_step=100
train batch 200/702 total=3.099722 ce=3.027082 ordinal=0.145279 global_step=200
train batch 300/702 total=3.264945 ce=3.180057 ordinal=0.169776 global_step=300
train batch 400/702 total=2.703269 ce=2.628475 ordinal=0.149589 global_step=400
train batch 500/702 total=2.477543 ce=2.394995 ordinal=0.165095 global_step=500
train batch 600/702 total=2.803628 ce=2.732666 ordinal=0.141925 global_step=600
train batch 700/702 total=2.200291 ce=2.126788 ordinal=0.147006 global_step=700
epoch 1 complete train={'total_loss': 2.809243418668918, 'ce_loss': 2.7278178604305245, 'ordinal_loss': 0.16285110747573356, 'pedal_token_accuracy': 0.4821298553293868, 'pedal_value_mae': 35.98285355911889, 'encoder_gradient_norm': 3.862504641265199, 'head_gradient_norm': 2.282710014134738, 'total_gradient_norm': 4.64504113120181, 'encoder_learning_rate': 9.999999999999838e-06, 'head_learning_rate': 0.00010000000000000136, 'exact_note_accuracy': 0.4193967575999296, 'pedal1_accuracy': 0.4810888405652406, 'pedal2_accuracy': 0.479237451901987, 'pedal3_accuracy': 0.4803626523212455, 'pedal4_accuracy': 0.48783047652907413, 'valid_target_count': 22996792, 'valid_note_count': 5749198, 'amp_scale': 1024.0} validation={'total_loss': 2.348762907875712, 'ce_loss': 2.2702989127065343, 'ordinal_loss': 0.15692797567218486, 'pedal_token_accuracy': 0.5616701936456401, 'pedal_value_mae': 32.48928272657801, 'encoder_gradient_norm': 0.0, 'head_gradient_norm': 0.0, 'total_gradient_norm': 0.0, 'encoder_learning_rate': 0.0, 'head_learning_rate': 0.0, 'exact_note_accuracy': 0.5093470982142857, 'pedal1_accuracy': 0.5610686746289425, 'pedal2_accuracy': 0.5595703125, 'pedal3_accuracy': 0.5628641726576994, 'pedal4_accuracy': 0.5631776147959183, 'valid_target_count': 2207744, 'valid_note_count': 551936, 'amp_scale': 1.0} seconds=249.052 peak_gpu_bytes=9375132672 improved=True early_counter=0
epoch 2 start train_batches=702 validation_batches=68
train batch 100/702 total=2.767752 ce=2.692830 ordinal=0.149844 global_step=802
train batch 200/702 total=2.822264 ce=2.734948 ordinal=0.174632 global_step=902
train batch 300/702 total=2.765763 ce=2.704165 ordinal=0.123197 global_step=1002
train batch 400/702 total=2.892871 ce=2.816465 ordinal=0.152812 global_step=1102
train batch 500/702 total=2.615504 ce=2.547791 ordinal=0.135426 global_step=1202
train batch 600/702 total=2.746932 ce=2.674601 ordinal=0.144662 global_step=1302
train batch 700/702 total=2.528453 ce=2.465777 ordinal=0.125353 global_step=1402
epoch 2 complete train={'total_loss': 2.5871032164990897, 'ce_loss': 2.518352834638385, 'ordinal_loss': 0.13750076440420445, 'pedal_token_accuracy': 0.52812992351281, 'pedal_value_mae': 30.88393207515611, 'encoder_gradient_norm': 4.411679729311328, 'head_gradient_norm': 1.7166702514987857, 'total_gradient_norm': 4.758518337942294, 'encoder_learning_rate': 9.999999999999835e-06, 'head_learning_rate': 0.00010000000000000139, 'exact_note_accuracy': 0.4756541695032942, 'pedal1_accuracy': 0.5264389920124511, 'pedal2_accuracy': 0.5260490245769932, 'pedal3_accuracy': 0.5298050267185093, 'pedal4_accuracy': 0.5302266507432862, 'valid_target_count': 22996792, 'valid_note_count': 5749198, 'amp_scale': 1024.0} validation={'total_loss': 2.3216739857572795, 'ce_loss': 2.2458088477600042, 'ordinal_loss': 0.1517302873155624, 'pedal_token_accuracy': 0.5718085973736086, 'pedal_value_mae': 30.95899117015067, 'encoder_gradient_norm': 0.0, 'head_gradient_norm': 0.0, 'total_gradient_norm': 0.0, 'encoder_learning_rate': 0.0, 'head_learning_rate': 0.0, 'exact_note_accuracy': 0.5184912743506493, 'pedal1_accuracy': 0.5705752116187384, 'pedal2_accuracy': 0.5698450544990723, 'pedal3_accuracy': 0.5733364013218923, 'pedal4_accuracy': 0.573477722054731, 'valid_target_count': 2207744, 'valid_note_count': 551936, 'amp_scale': 1.0} seconds=249.303 peak_gpu_bytes=9375132672 improved=True early_counter=0
epoch 3 start train_batches=702 validation_batches=68
train batch 100/702 total=2.972333 ce=2.901436 ordinal=0.141793 global_step=1504
train batch 200/702 total=2.550606 ce=2.488887 ordinal=0.123438 global_step=1604
train batch 300/702 total=2.475106 ce=2.412434 ordinal=0.125343 global_step=1704
train batch 400/702 total=2.392597 ce=2.337050 ordinal=0.111092 global_step=1804
train batch 500/702 total=2.326238 ce=2.258128 ordinal=0.136220 global_step=1904
train batch 600/702 total=2.522879 ce=2.457484 ordinal=0.130789 global_step=2004
train batch 700/702 total=2.903774 ce=2.830369 ordinal=0.146811 global_step=2104
epoch 3 complete train={'total_loss': 2.5268280066406863, 'ce_loss': 2.463000106778903, 'ordinal_loss': 0.12765579903797863, 'pedal_token_accuracy': 0.5404212900651534, 'pedal_value_mae': 29.052294253955793, 'encoder_gradient_norm': 4.155833715417392, 'head_gradient_norm': 1.4752871577102222, 'total_gradient_norm': 4.430438470817048, 'encoder_learning_rate': 9.999999999999836e-06, 'head_learning_rate': 0.00010000000000000139, 'exact_note_accuracy': 0.4871392496831732, 'pedal1_accuracy': 0.5383197795588185, 'pedal2_accuracy': 0.5386596530507386, 'pedal3_accuracy': 0.5422942469540969, 'pedal4_accuracy': 0.5424114806969598, 'valid_target_count': 22996792, 'valid_note_count': 5749198, 'amp_scale': 2048.0} validation={'total_loss': 2.33769475153072, 'ce_loss': 2.2607632371180575, 'ordinal_loss': 0.15386301363388108, 'pedal_token_accuracy': 0.5705521111143321, 'pedal_value_mae': 31.18539015481556, 'encoder_gradient_norm': 0.0, 'head_gradient_norm': 0.0, 'total_gradient_norm': 0.0, 'encoder_learning_rate': 0.0, 'head_learning_rate': 0.0, 'exact_note_accuracy': 0.5185728055426716, 'pedal1_accuracy': 0.5685804151205937, 'pedal2_accuracy': 0.5696040845315399, 'pedal3_accuracy': 0.5722040236549165, 'pedal4_accuracy': 0.5718199211502782, 'valid_target_count': 2207744, 'valid_note_count': 551936, 'amp_scale': 1.0} seconds=249.114 peak_gpu_bytes=9375132672 improved=False early_counter=1
epoch 4 start train_batches=702 validation_batches=68
train batch 100/702 total=2.798033 ce=2.730151 ordinal=0.135764 global_step=2206
train batch 200/702 total=2.498030 ce=2.439364 ordinal=0.117331 global_step=2306
train batch 300/702 total=2.928356 ce=2.867261 ordinal=0.122191 global_step=2406
train batch 400/702 total=2.505217 ce=2.444088 ordinal=0.122257 global_step=2506
train batch 500/702 total=2.526236 ce=2.462832 ordinal=0.126808 global_step=2606
train batch 600/702 total=2.427016 ce=2.354710 ordinal=0.144612 global_step=2706
train batch 700/702 total=2.734070 ce=2.674815 ordinal=0.118510 global_step=2806
epoch 4 complete train={'total_loss': 2.4850961650034358, 'ce_loss': 2.424369109602149, 'ordinal_loss': 0.12145410759574689, 'pedal_token_accuracy': 0.5476298607214433, 'pedal_value_mae': 27.97094529955302, 'encoder_gradient_norm': 4.762530430825142, 'head_gradient_norm': 1.483235997835337, 'total_gradient_norm': 5.006814048682117, 'encoder_learning_rate': 9.999999999999835e-06, 'head_learning_rate': 0.00010000000000000139, 'exact_note_accuracy': 0.4941294420543526, 'pedal1_accuracy': 0.5454002453907484, 'pedal2_accuracy': 0.5458176949202306, 'pedal3_accuracy': 0.5495822199896403, 'pedal4_accuracy': 0.5497192825851536, 'valid_target_count': 22996792, 'valid_note_count': 5749198, 'amp_scale': 2048.0} validation={'total_loss': 2.3758677206587926, 'ce_loss': 2.295030764392223, 'ordinal_loss': 0.16167389913868152, 'pedal_token_accuracy': 0.5603829067138218, 'pedal_value_mae': 32.41507847101215, 'encoder_gradient_norm': 0.0, 'head_gradient_norm': 0.0, 'total_gradient_norm': 0.0, 'encoder_learning_rate': 0.0, 'head_learning_rate': 0.0, 'exact_note_accuracy': 0.5096351750927643, 'pedal1_accuracy': 0.5588981331168831, 'pedal2_accuracy': 0.5590938079777366, 'pedal3_accuracy': 0.5618767393320965, 'pedal4_accuracy': 0.5616629464285714, 'valid_target_count': 2207744, 'valid_note_count': 551936, 'amp_scale': 1.0} seconds=249.169 peak_gpu_bytes=9375132672 improved=False early_counter=2
epoch 5 start train_batches=702 validation_batches=68
train batch 100/702 total=2.709472 ce=2.646846 ordinal=0.125252 global_step=2908
train batch 200/702 total=2.223254 ce=2.167142 ordinal=0.112224 global_step=3008
train batch 300/702 total=2.535052 ce=2.473237 ordinal=0.123631 global_step=3108
train batch 400/702 total=2.605065 ce=2.543977 ordinal=0.122176 global_step=3208
train batch 500/702 total=2.174338 ce=2.120956 ordinal=0.106763 global_step=3308
train batch 600/702 total=2.520562 ce=2.463310 ordinal=0.114503 global_step=3408
train batch 700/702 total=2.480761 ce=2.423778 ordinal=0.113967 global_step=3508
epoch 5 complete train={'total_loss': 2.449246555721605, 'ce_loss': 2.3910415641655627, 'ordinal_loss': 0.11640998300102327, 'pedal_token_accuracy': 0.5531068855169017, 'pedal_value_mae': 27.13745300331417, 'encoder_gradient_norm': 5.222877412398757, 'head_gradient_norm': 1.4810419239788308, 'total_gradient_norm': 5.44732193734, 'encoder_learning_rate': 9.999999999999835e-06, 'head_learning_rate': 0.00010000000000000139, 'exact_note_accuracy': 0.4993887843139165, 'pedal1_accuracy': 0.5508330031423513, 'pedal2_accuracy': 0.5513068083583136, 'pedal3_accuracy': 0.5551000330828753, 'pedal4_accuracy': 0.5551876974840665, 'valid_target_count': 22996792, 'valid_note_count': 5749198, 'amp_scale': 2048.0} validation={'total_loss': 2.399242142135889, 'ce_loss': 2.318422631673335, 'ordinal_loss': 0.16163902858994444, 'pedal_token_accuracy': 0.5647869499362245, 'pedal_value_mae': 31.659751765582026, 'encoder_gradient_norm': 0.0, 'head_gradient_norm': 0.0, 'total_gradient_norm': 0.0, 'encoder_learning_rate': 0.0, 'head_learning_rate': 0.0, 'exact_note_accuracy': 0.5147589575602969, 'pedal1_accuracy': 0.5640219155844156, 'pedal2_accuracy': 0.5633732896567718, 'pedal3_accuracy': 0.5661344793599258, 'pedal4_accuracy': 0.5656181151437848, 'valid_target_count': 2207744, 'valid_note_count': 551936, 'amp_scale': 1.0} seconds=249.129 peak_gpu_bytes=9375132672 improved=False early_counter=3
epoch 6 start train_batches=702 validation_batches=68
train batch 100/702 total=2.679167 ce=2.623029 ordinal=0.112275 global_step=3610
train batch 200/702 total=2.087317 ce=2.036428 ordinal=0.101776 global_step=3710
train batch 300/702 total=1.941589 ce=1.886571 ordinal=0.110035 global_step=3810
train batch 400/702 total=2.940156 ce=2.884306 ordinal=0.111698 global_step=3910
train batch 500/702 total=2.118624 ce=2.076517 ordinal=0.084214 global_step=4010
train batch 600/702 total=2.960318 ce=2.908447 ordinal=0.103741 global_step=4110
train batch 700/702 total=2.835426 ce=2.771686 ordinal=0.127479 global_step=4210
epoch 6 complete train={'total_loss': 2.4113062879256435, 'ce_loss': 2.355663351794438, 'ordinal_loss': 0.11128587320600422, 'pedal_token_accuracy': 0.5578812470887243, 'pedal_value_mae': 26.404981404178496, 'encoder_gradient_norm': 5.2447258728060175, 'head_gradient_norm': 1.292516229919747, 'total_gradient_norm': 5.413747573665361, 'encoder_learning_rate': 9.999999999999836e-06, 'head_learning_rate': 0.00010000000000000136, 'exact_note_accuracy': 0.5040376066366126, 'pedal1_accuracy': 0.5555941889633997, 'pedal2_accuracy': 0.5559852000226814, 'pedal3_accuracy': 0.5599461003082516, 'pedal4_accuracy': 0.5599994990605647, 'valid_target_count': 22996792, 'valid_note_count': 5749198, 'amp_scale': 4096.0} validation={'total_loss': 2.3642462950911725, 'ce_loss': 2.2862794444600816, 'ordinal_loss': 0.15593367613202344, 'pedal_token_accuracy': 0.5725872202574211, 'pedal_value_mae': 30.741425639844337, 'encoder_gradient_norm': 0.0, 'head_gradient_norm': 0.0, 'total_gradient_norm': 0.0, 'encoder_learning_rate': 0.0, 'head_learning_rate': 0.0, 'exact_note_accuracy': 0.5207850185528757, 'pedal1_accuracy': 0.570997362012987, 'pedal2_accuracy': 0.571064398770872, 'pedal3_accuracy': 0.574015827922078, 'pedal4_accuracy': 0.5742712923237476, 'valid_target_count': 2207744, 'valid_note_count': 551936, 'amp_scale': 1.0} seconds=249.204 peak_gpu_bytes=9375132672 improved=False early_counter=4
ORDINAL RUN COMPLETE {"best_epoch": 2, "best_validation_loss": 2.3216739857572795, "completed_epoch": 6, "global_optimizer_step": 4212, "initial_parameter_sha256": "a4dd5903a82d9887c0a5784741ee78ce9ad842efc091e41ee3990f382e7720b8", "runtime_seconds": 1517.2674982883036, "stop_reason": "early_stopping"}
