Traceback (most recent call last):
  File "<frozen runpy>", line 198, in _run_module_as_main
  File "<frozen runpy>", line 88, in _run_code
  File "/workspace/project/src/stage2_encoder_only/run_ordinal_sweep.py", line 387, in <module>
    raise SystemExit(main())
                     ^^^^^^
  File "/workspace/project/src/stage2_encoder_only/run_ordinal_sweep.py", line 380, in main
    overfit = json.loads(verified_overfit_json)
              ^^^^^^^^^^^^^^^^^^^^^^^^^^^^^^^^^
  File "/opt/conda/lib/python3.11/json/__init__.py", line 346, in loads
    return _default_decoder.decode(s)
           ^^^^^^^^^^^^^^^^^^^^^^^^^^
  File "/opt/conda/lib/python3.11/json/decoder.py", line 337, in decode
    obj, end = self.raw_decode(s, idx=_w(s, 0).end())
               ^^^^^^^^^^^^^^^^^^^^^^^^^^^^^^^^^^^^^^
  File "/opt/conda/lib/python3.11/json/decoder.py", line 353, in raw_decode
    obj, end = self.scan_once(s, idx)
               ^^^^^^^^^^^^^^^^^^^^^^
json.decoder.JSONDecodeError: Expecting property name enclosed in double quotes: line 1 column 2 (char 1)
FIRST RUN STARTUP lambda=0.1 output=/workspace/project/analysis/stage2_encoder_only_ordinal_v0/lambda_0p1
ORDINAL RUN START {"allow_existing_log_dir": true, "amp_enabled": true, "amp_init_scale": 1024.0, "asap_root": "/workspace/public/ASAP/asap-dataset-v1.1", "batch_size": 16, "checkpoint_path": "/workspace/project/checkpoints/pianist_transformer", "early_stopping_min_delta": 0.0001, "early_stopping_patience": 4, "encoder_lr": 1e-05, "expected_gpu_uuid": "GPU-6982dbee-fbaf-f359-d7ef-a22d0e83400b", "freeze_encoder": false, "head_lr": 0.0001, "lambda_ordinal": 0.1, "loss_configuration": {"cdf_dtype": "float32", "classes": 128, "ignore_index": -100, "name": "cross_entropy_plus_squared_cdf_cramer_ordinal", "reduction": "mean_over_valid_targets_and_thresholds", "thresholds": 127}, "max_epochs": 20, "max_grad_norm": 1.0, "num_workers": 0, "output_dir": "/workspace/project/analysis/stage2_encoder_only_ordinal_v0/lambda_0p1", "pianist_transformer_commit": "747df2d12291e37f6638b39f1b71517e579ad48c", "pin_memory": true, "resume": null, "seed": 20260710, "split_csv": "/workspace/project/analysis/stage2_encoder_only_v0/asap_split.csv", "weight_decay": 0.01}
GPU uuid=GPU-6982dbee-fbaf-f359-d7ef-a22d0e83400b model=NVIDIA GeForce RTX 2080 Ti
preload seconds=56.697 train_performances=892 train_windows=11230 validation_performances=71 validation_windows=1078
initial_parameter_sha256=a4dd5903a82d9887c0a5784741ee78ce9ad842efc091e41ee3990f382e7720b8
epoch 1 start train_batches=702 validation_batches=68
train batch 100/702 total=2.138337 ce=2.122750 ordinal=0.155876 global_step=100
train batch 200/702 total=3.039188 ce=3.024665 ordinal=0.145235 global_step=200
train batch 300/702 total=3.197906 ce=3.180896 ordinal=0.170110 global_step=300
train batch 400/702 total=2.639565 ce=2.624695 ordinal=0.148702 global_step=400
train batch 500/702 total=2.410160 ce=2.393660 ordinal=0.165007 global_step=500
train batch 600/702 total=2.747717 ce=2.733494 ordinal=0.142229 global_step=600
train batch 700/702 total=2.142074 ce=2.127338 ordinal=0.147351 global_step=700
epoch 1 complete train={'total_loss': 2.7445828777014984, 'ce_loss': 2.728265745114662, 'ordinal_loss': 0.16317129637360653, 'pedal_token_accuracy': 0.48165661540966237, 'pedal_value_mae': 36.06361240359641, 'encoder_gradient_norm': 3.5547650066806313, 'head_gradient_norm': 2.163318521700056, 'total_gradient_norm': 4.312973271056413, 'encoder_learning_rate': 9.999999999999838e-06, 'head_learning_rate': 0.00010000000000000136, 'exact_note_accuracy': 0.41884572422101307, 'pedal1_accuracy': 0.4806047730483452, 'pedal2_accuracy': 0.47875895037881805, 'pedal3_accuracy': 0.47993111387014326, 'pedal4_accuracy': 0.4873316243413429, 'valid_target_count': 22996792, 'valid_note_count': 5749198, 'amp_scale': 1024.0} validation={'total_loss': 2.2864923862004325, 'ce_loss': 2.2707816116885042, 'ordinal_loss': 0.15710773683932364, 'pedal_token_accuracy': 0.5613553926542207, 'pedal_value_mae': 32.51735844550195, 'encoder_gradient_norm': 0.0, 'head_gradient_norm': 0.0, 'total_gradient_norm': 0.0, 'encoder_learning_rate': 0.0, 'head_learning_rate': 0.0, 'exact_note_accuracy': 0.509473924512987, 'pedal1_accuracy': 0.5606664540816326, 'pedal2_accuracy': 0.5591680919526901, 'pedal3_accuracy': 0.5627156047077922, 'pedal4_accuracy': 0.5628714198747681, 'valid_target_count': 2207744, 'valid_note_count': 551936, 'amp_scale': 1.0} seconds=248.701 peak_gpu_bytes=9375656960 improved=True early_counter=0
epoch 2 start train_batches=702 validation_batches=68
train batch 100/702 total=2.710068 ce=2.695014 ordinal=0.150547 global_step=802
train batch 200/702 total=2.754475 ce=2.736956 ordinal=0.175196 global_step=902
train batch 300/702 total=2.719040 ce=2.706674 ordinal=0.123661 global_step=1002
train batch 400/702 total=2.829737 ce=2.814453 ordinal=0.152841 global_step=1102
train batch 500/702 total=2.562836 ce=2.549255 ordinal=0.135809 global_step=1202
train batch 600/702 total=2.693350 ce=2.678780 ordinal=0.145692 global_step=1302
train batch 700/702 total=2.479324 ce=2.466764 ordinal=0.125599 global_step=1402
epoch 2 complete train={'total_loss': 2.533394349256235, 'ce_loss': 2.519603550630659, 'ordinal_loss': 0.13790797020802212, 'pedal_token_accuracy': 0.5274869207844294, 'pedal_value_mae': 30.97699049215987, 'encoder_gradient_norm': 4.12113716728853, 'head_gradient_norm': 1.6299303360493174, 'total_gradient_norm': 4.456211460946104, 'encoder_learning_rate': 9.999999999999835e-06, 'head_learning_rate': 0.00010000000000000139, 'exact_note_accuracy': 0.4752671590020034, 'pedal1_accuracy': 0.525801685730775, 'pedal2_accuracy': 0.5253786702075663, 'pedal3_accuracy': 0.5291748518662951, 'pedal4_accuracy': 0.5295924753330813, 'valid_target_count': 22996792, 'valid_note_count': 5749198, 'amp_scale': 1024.0} validation={'total_loss': 2.26104905388572, 'ce_loss': 2.2458755153893097, 'ordinal_loss': 0.1517353158769006, 'pedal_token_accuracy': 0.571824903612013, 'pedal_value_mae': 30.963342671933997, 'encoder_gradient_norm': 0.0, 'head_gradient_norm': 0.0, 'total_gradient_norm': 0.0, 'encoder_learning_rate': 0.0, 'head_learning_rate': 0.0, 'exact_note_accuracy': 0.5186543367346939, 'pedal1_accuracy': 0.5705570935760668, 'pedal2_accuracy': 0.56976352330705, 'pedal3_accuracy': 0.5734088734925789, 'pedal4_accuracy': 0.5735701240723562, 'valid_target_count': 2207744, 'valid_note_count': 551936, 'amp_scale': 1.0} seconds=249.274 peak_gpu_bytes=9375656960 improved=True early_counter=0
epoch 3 start train_batches=702 validation_batches=68
train batch 100/702 total=2.915609 ce=2.901407 ordinal=0.142020 global_step=1504
train batch 200/702 total=2.503556 ce=2.491155 ordinal=0.124013 global_step=1604
train batch 300/702 total=2.428614 ce=2.416003 ordinal=0.126106 global_step=1704
train batch 400/702 total=2.350413 ce=2.339254 ordinal=0.111586 global_step=1804
train batch 500/702 total=2.271254 ce=2.257617 ordinal=0.136366 global_step=1904
train batch 600/702 total=2.469893 ce=2.456811 ordinal=0.130820 global_step=2004
train batch 700/702 total=2.849140 ce=2.834372 ordinal=0.147676 global_step=2104
epoch 3 complete train={'total_loss': 2.477292661957161, 'ce_loss': 2.4644840117327225, 'ordinal_loss': 0.12808649160835886, 'pedal_token_accuracy': 0.5397775915875571, 'pedal_value_mae': 29.15043233782175, 'encoder_gradient_norm': 3.8992215352338357, 'head_gradient_norm': 1.4116499771291102, 'total_gradient_norm': 4.1671775740796075, 'encoder_learning_rate': 9.999999999999836e-06, 'head_learning_rate': 0.00010000000000000139, 'exact_note_accuracy': 0.486647528924904, 'pedal1_accuracy': 0.5376885610827806, 'pedal2_accuracy': 0.5379985173584211, 'pedal3_accuracy': 0.5416428517508007, 'pedal4_accuracy': 0.5417804361582259, 'valid_target_count': 22996792, 'valid_note_count': 5749198, 'amp_scale': 2048.0} validation={'total_loss': 2.2752703903778584, 'ce_loss': 2.259886151784426, 'ordinal_loss': 0.15384238023926022, 'pedal_token_accuracy': 0.5703727424918831, 'pedal_value_mae': 31.208374250797704, 'encoder_gradient_norm': 0.0, 'head_gradient_norm': 0.0, 'total_gradient_norm': 0.0, 'encoder_learning_rate': 0.0, 'head_learning_rate': 0.0, 'exact_note_accuracy': 0.518386189703154, 'pedal1_accuracy': 0.568393799281076, 'pedal2_accuracy': 0.5693232548701299, 'pedal3_accuracy': 0.5719485592532467, 'pedal4_accuracy': 0.5718253565630798, 'valid_target_count': 2207744, 'valid_note_count': 551936, 'amp_scale': 1.0} seconds=249.193 peak_gpu_bytes=9375656960 improved=False early_counter=1
epoch 4 start train_batches=702 validation_batches=68
train batch 100/702 total=2.745998 ce=2.732363 ordinal=0.136341 global_step=2206
train batch 200/702 total=2.454407 ce=2.442601 ordinal=0.118059 global_step=2306
train batch 300/702 total=2.880323 ce=2.868079 ordinal=0.122436 global_step=2406
train batch 400/702 total=2.457137 ce=2.444880 ordinal=0.122570 global_step=2506
train batch 500/702 total=2.476194 ce=2.463470 ordinal=0.127243 global_step=2606
train batch 600/702 total=2.370358 ce=2.355845 ordinal=0.145126 global_step=2706
train batch 700/702 total=2.687845 ce=2.675971 ordinal=0.118748 global_step=2806
epoch 4 complete train={'total_loss': 2.4379399389707195, 'ce_loss': 2.425752442426813, 'ordinal_loss': 0.121874994370939, 'pedal_token_accuracy': 0.5470242979977381, 'pedal_value_mae': 28.063712547467347, 'encoder_gradient_norm': 4.467908216048712, 'head_gradient_norm': 1.4156978517196752, 'total_gradient_norm': 4.705320492806374, 'encoder_learning_rate': 9.999999999999835e-06, 'head_learning_rate': 0.00010000000000000139, 'exact_note_accuracy': 0.49359458484470353, 'pedal1_accuracy': 0.5447932041999597, 'pedal2_accuracy': 0.5452235250899343, 'pedal3_accuracy': 0.548984571413265, 'pedal4_accuracy': 0.5490958912877936, 'valid_target_count': 22996792, 'valid_note_count': 5749198, 'amp_scale': 2048.0} validation={'total_loss': 2.311243181989454, 'ce_loss': 2.29505167710759, 'ordinal_loss': 0.1619150524679053, 'pedal_token_accuracy': 0.5596957799455009, 'pedal_value_mae': 32.49833540659888, 'encoder_gradient_norm': 0.0, 'head_gradient_norm': 0.0, 'total_gradient_norm': 0.0, 'encoder_learning_rate': 0.0, 'head_learning_rate': 0.0, 'exact_note_accuracy': 0.5090934456168831, 'pedal1_accuracy': 0.5581987766697588, 'pedal2_accuracy': 0.5583618390538033, 'pedal3_accuracy': 0.561119405148423, 'pedal4_accuracy': 0.5611030989100185, 'valid_target_count': 2207744, 'valid_note_count': 551936, 'amp_scale': 1.0} seconds=249.384 peak_gpu_bytes=9375656960 improved=False early_counter=2
epoch 5 start train_batches=702 validation_batches=68
train batch 100/702 total=2.660307 ce=2.647743 ordinal=0.125641 global_step=2908
train batch 200/702 total=2.185120 ce=2.173747 ordinal=0.113733 global_step=3008
train batch 300/702 total=2.488252 ce=2.475813 ordinal=0.124385 global_step=3108
train batch 400/702 total=2.557636 ce=2.545376 ordinal=0.122602 global_step=3208
train batch 500/702 total=2.133511 ce=2.122783 ordinal=0.107274 global_step=3308
train batch 600/702 total=2.475908 ce=2.464411 ordinal=0.114970 global_step=3408
train batch 700/702 total=2.436673 ce=2.425222 ordinal=0.114509 global_step=3508
epoch 5 complete train={'total_loss': 2.40422866753199, 'ce_loss': 2.3925409730482965, 'ordinal_loss': 0.11687697083660822, 'pedal_token_accuracy': 0.5524308347007705, 'pedal_value_mae': 27.240834810878475, 'encoder_gradient_norm': 4.9295587484564765, 'head_gradient_norm': 1.4192372406665348, 'total_gradient_norm': 5.148117784057424, 'encoder_learning_rate': 9.999999999999835e-06, 'head_learning_rate': 0.00010000000000000139, 'exact_note_accuracy': 0.4987417375432191, 'pedal1_accuracy': 0.5501546476569428, 'pedal2_accuracy': 0.5506171469481482, 'pedal3_accuracy': 0.5544303744626642, 'pedal4_accuracy': 0.5545211697353266, 'valid_target_count': 22996792, 'valid_note_count': 5749198, 'amp_scale': 2048.0} validation={'total_loss': 2.334697163281945, 'ce_loss': 2.3185078997116584, 'ordinal_loss': 0.1618927757295474, 'pedal_token_accuracy': 0.5642044548643321, 'pedal_value_mae': 31.74142790106099, 'encoder_gradient_norm': 0.0, 'head_gradient_norm': 0.0, 'total_gradient_norm': 0.0, 'encoder_learning_rate': 0.0, 'head_learning_rate': 0.0, 'exact_note_accuracy': 0.5141719329777366, 'pedal1_accuracy': 0.563420396567718, 'pedal2_accuracy': 0.56278082966141, 'pedal3_accuracy': 0.565632609577922, 'pedal4_accuracy': 0.5649839836502782, 'valid_target_count': 2207744, 'valid_note_count': 551936, 'amp_scale': 1.0} seconds=249.088 peak_gpu_bytes=9375656960 improved=False early_counter=3
epoch 6 start train_batches=702 validation_batches=68
train batch 100/702 total=2.636407 ce=2.625127 ordinal=0.112808 global_step=3610
train batch 200/702 total=2.048259 ce=2.038033 ordinal=0.102257 global_step=3710
train batch 300/702 total=1.897980 ce=1.886941 ordinal=0.110393 global_step=3810
train batch 400/702 total=2.896663 ce=2.885450 ordinal=0.112128 global_step=3910
train batch 500/702 total=2.085531 ce=2.077086 ordinal=0.084457 global_step=4010
train batch 600/702 total=2.920635 ce=2.910227 ordinal=0.104087 global_step=4110
train batch 700/702 total=2.787394 ce=2.774590 ordinal=0.128039 global_step=4210
epoch 6 complete train={'total_loss': 2.3682049064941957, 'ce_loss': 2.3570281626610927, 'ordinal_loss': 0.11176747297932874, 'pedal_token_accuracy': 0.5571658864419002, 'pedal_value_mae': 26.515017922347894, 'encoder_gradient_norm': 4.977213008827055, 'head_gradient_norm': 1.2449607648279952, 'total_gradient_norm': 5.14236609082569, 'encoder_learning_rate': 9.999999999999836e-06, 'head_learning_rate': 0.00010000000000000136, 'exact_note_accuracy': 0.503355946342429, 'pedal1_accuracy': 0.554884698700584, 'pedal2_accuracy': 0.5552696219542274, 'pedal3_accuracy': 0.5592002571489102, 'pedal4_accuracy': 0.5593089679638795, 'valid_target_count': 22996792, 'valid_note_count': 5749198, 'amp_scale': 4096.0} validation={'total_loss': 2.3017447107576925, 'ce_loss': 2.286139164762727, 'ordinal_loss': 0.15605541423018435, 'pedal_token_accuracy': 0.5723313029046846, 'pedal_value_mae': 30.77450555861549, 'encoder_gradient_norm': 0.0, 'head_gradient_norm': 0.0, 'total_gradient_norm': 0.0, 'encoder_learning_rate': 0.0, 'head_learning_rate': 0.0, 'exact_note_accuracy': 0.520542236781076, 'pedal1_accuracy': 0.5707908163265306, 'pedal2_accuracy': 0.5708415468460112, 'pedal3_accuracy': 0.5737458690862709, 'pedal4_accuracy': 0.5739469793599258, 'valid_target_count': 2207744, 'valid_note_count': 551936, 'amp_scale': 1.0} seconds=249.422 peak_gpu_bytes=9375656960 improved=False early_counter=4
ORDINAL RUN COMPLETE {"best_epoch": 2, "best_validation_loss": 2.26104905388572, "completed_epoch": 6, "global_optimizer_step": 4212, "initial_parameter_sha256": "a4dd5903a82d9887c0a5784741ee78ce9ad842efc091e41ee3990f382e7720b8", "runtime_seconds": 1517.717950541526, "stop_reason": "early_stopping"}
FIRST RUN STARTUP lambda=0.5 output=/workspace/project/analysis/stage2_encoder_only_ordinal_v0/lambda_0p5
ORDINAL RUN START {"allow_existing_log_dir": true, "amp_enabled": true, "amp_init_scale": 1024.0, "asap_root": "/workspace/public/ASAP/asap-dataset-v1.1", "batch_size": 16, "checkpoint_path": "/workspace/project/checkpoints/pianist_transformer", "early_stopping_min_delta": 0.0001, "early_stopping_patience": 4, "encoder_lr": 1e-05, "expected_gpu_uuid": "GPU-6982dbee-fbaf-f359-d7ef-a22d0e83400b", "freeze_encoder": false, "head_lr": 0.0001, "lambda_ordinal": 0.5, "loss_configuration": {"cdf_dtype": "float32", "classes": 128, "ignore_index": -100, "name": "cross_entropy_plus_squared_cdf_cramer_ordinal", "reduction": "mean_over_valid_targets_and_thresholds", "thresholds": 127}, "max_epochs": 20, "max_grad_norm": 1.0, "num_workers": 0, "output_dir": "/workspace/project/analysis/stage2_encoder_only_ordinal_v0/lambda_0p5", "pianist_transformer_commit": "747df2d12291e37f6638b39f1b71517e579ad48c", "pin_memory": true, "resume": null, "seed": 20260710, "split_csv": "/workspace/project/analysis/stage2_encoder_only_v0/asap_split.csv", "weight_decay": 0.01}
GPU uuid=GPU-6982dbee-fbaf-f359-d7ef-a22d0e83400b model=NVIDIA GeForce RTX 2080 Ti
preload seconds=62.909 train_performances=892 train_windows=11230 validation_performances=71 validation_windows=1078
initial_parameter_sha256=a4dd5903a82d9887c0a5784741ee78ce9ad842efc091e41ee3990f382e7720b8
epoch 1 start train_batches=702 validation_batches=68
train batch 100/702 total=2.199128 ce=2.121482 ordinal=0.155291 global_step=100
train batch 200/702 total=3.099722 ce=3.027082 ordinal=0.145279 global_step=200
train batch 300/702 total=3.264945 ce=3.180057 ordinal=0.169776 global_step=300
train batch 400/702 total=2.703269 ce=2.628475 ordinal=0.149589 global_step=400
train batch 500/702 total=2.477543 ce=2.394995 ordinal=0.165095 global_step=500
train batch 600/702 total=2.803628 ce=2.732666 ordinal=0.141925 global_step=600
train batch 700/702 total=2.200291 ce=2.126788 ordinal=0.147006 global_step=700
epoch 1 complete train={'total_loss': 2.809243418668918, 'ce_loss': 2.7278178604305245, 'ordinal_loss': 0.16285110747573356, 'pedal_token_accuracy': 0.4821298553293868, 'pedal_value_mae': 35.98285355911889, 'encoder_gradient_norm': 3.862504641265199, 'head_gradient_norm': 2.282710014134738, 'total_gradient_norm': 4.64504113120181, 'encoder_learning_rate': 9.999999999999838e-06, 'head_learning_rate': 0.00010000000000000136, 'exact_note_accuracy': 0.4193967575999296, 'pedal1_accuracy': 0.4810888405652406, 'pedal2_accuracy': 0.479237451901987, 'pedal3_accuracy': 0.4803626523212455, 'pedal4_accuracy': 0.48783047652907413, 'valid_target_count': 22996792, 'valid_note_count': 5749198, 'amp_scale': 1024.0} validation={'total_loss': 2.348762907875712, 'ce_loss': 2.2702989127065343, 'ordinal_loss': 0.15692797567218486, 'pedal_token_accuracy': 0.5616701936456401, 'pedal_value_mae': 32.48928272657801, 'encoder_gradient_norm': 0.0, 'head_gradient_norm': 0.0, 'total_gradient_norm': 0.0, 'encoder_learning_rate': 0.0, 'head_learning_rate': 0.0, 'exact_note_accuracy': 0.5093470982142857, 'pedal1_accuracy': 0.5610686746289425, 'pedal2_accuracy': 0.5595703125, 'pedal3_accuracy': 0.5628641726576994, 'pedal4_accuracy': 0.5631776147959183, 'valid_target_count': 2207744, 'valid_note_count': 551936, 'amp_scale': 1.0} seconds=249.052 peak_gpu_bytes=9375132672 improved=True early_counter=0
epoch 2 start train_batches=702 validation_batches=68
train batch 100/702 total=2.767752 ce=2.692830 ordinal=0.149844 global_step=802
train batch 200/702 total=2.822264 ce=2.734948 ordinal=0.174632 global_step=902
train batch 300/702 total=2.765763 ce=2.704165 ordinal=0.123197 global_step=1002
train batch 400/702 total=2.892871 ce=2.816465 ordinal=0.152812 global_step=1102
train batch 500/702 total=2.615504 ce=2.547791 ordinal=0.135426 global_step=1202
train batch 600/702 total=2.746932 ce=2.674601 ordinal=0.144662 global_step=1302
train batch 700/702 total=2.528453 ce=2.465777 ordinal=0.125353 global_step=1402
epoch 2 complete train={'total_loss': 2.5871032164990897, 'ce_loss': 2.518352834638385, 'ordinal_loss': 0.13750076440420445, 'pedal_token_accuracy': 0.52812992351281, 'pedal_value_mae': 30.88393207515611, 'encoder_gradient_norm': 4.411679729311328, 'head_gradient_norm': 1.7166702514987857, 'total_gradient_norm': 4.758518337942294, 'encoder_learning_rate': 9.999999999999835e-06, 'head_learning_rate': 0.00010000000000000139, 'exact_note_accuracy': 0.4756541695032942, 'pedal1_accuracy': 0.5264389920124511, 'pedal2_accuracy': 0.5260490245769932, 'pedal3_accuracy': 0.5298050267185093, 'pedal4_accuracy': 0.5302266507432862, 'valid_target_count': 22996792, 'valid_note_count': 5749198, 'amp_scale': 1024.0} validation={'total_loss': 2.3216739857572795, 'ce_loss': 2.2458088477600042, 'ordinal_loss': 0.1517302873155624, 'pedal_token_accuracy': 0.5718085973736086, 'pedal_value_mae': 30.95899117015067, 'encoder_gradient_norm': 0.0, 'head_gradient_norm': 0.0, 'total_gradient_norm': 0.0, 'encoder_learning_rate': 0.0, 'head_learning_rate': 0.0, 'exact_note_accuracy': 0.5184912743506493, 'pedal1_accuracy': 0.5705752116187384, 'pedal2_accuracy': 0.5698450544990723, 'pedal3_accuracy': 0.5733364013218923, 'pedal4_accuracy': 0.573477722054731, 'valid_target_count': 2207744, 'valid_note_count': 551936, 'amp_scale': 1.0} seconds=249.303 peak_gpu_bytes=9375132672 improved=True early_counter=0
epoch 3 start train_batches=702 validation_batches=68
train batch 100/702 total=2.972333 ce=2.901436 ordinal=0.141793 global_step=1504
train batch 200/702 total=2.550606 ce=2.488887 ordinal=0.123438 global_step=1604
train batch 300/702 total=2.475106 ce=2.412434 ordinal=0.125343 global_step=1704
train batch 400/702 total=2.392597 ce=2.337050 ordinal=0.111092 global_step=1804
train batch 500/702 total=2.326238 ce=2.258128 ordinal=0.136220 global_step=1904
train batch 600/702 total=2.522879 ce=2.457484 ordinal=0.130789 global_step=2004
train batch 700/702 total=2.903774 ce=2.830369 ordinal=0.146811 global_step=2104
epoch 3 complete train={'total_loss': 2.5268280066406863, 'ce_loss': 2.463000106778903, 'ordinal_loss': 0.12765579903797863, 'pedal_token_accuracy': 0.5404212900651534, 'pedal_value_mae': 29.052294253955793, 'encoder_gradient_norm': 4.155833715417392, 'head_gradient_norm': 1.4752871577102222, 'total_gradient_norm': 4.430438470817048, 'encoder_learning_rate': 9.999999999999836e-06, 'head_learning_rate': 0.00010000000000000139, 'exact_note_accuracy': 0.4871392496831732, 'pedal1_accuracy': 0.5383197795588185, 'pedal2_accuracy': 0.5386596530507386, 'pedal3_accuracy': 0.5422942469540969, 'pedal4_accuracy': 0.5424114806969598, 'valid_target_count': 22996792, 'valid_note_count': 5749198, 'amp_scale': 2048.0} validation={'total_loss': 2.33769475153072, 'ce_loss': 2.2607632371180575, 'ordinal_loss': 0.15386301363388108, 'pedal_token_accuracy': 0.5705521111143321, 'pedal_value_mae': 31.18539015481556, 'encoder_gradient_norm': 0.0, 'head_gradient_norm': 0.0, 'total_gradient_norm': 0.0, 'encoder_learning_rate': 0.0, 'head_learning_rate': 0.0, 'exact_note_accuracy': 0.5185728055426716, 'pedal1_accuracy': 0.5685804151205937, 'pedal2_accuracy': 0.5696040845315399, 'pedal3_accuracy': 0.5722040236549165, 'pedal4_accuracy': 0.5718199211502782, 'valid_target_count': 2207744, 'valid_note_count': 551936, 'amp_scale': 1.0} seconds=249.114 peak_gpu_bytes=9375132672 improved=False early_counter=1
epoch 4 start train_batches=702 validation_batches=68
train batch 100/702 total=2.798033 ce=2.730151 ordinal=0.135764 global_step=2206
train batch 200/702 total=2.498030 ce=2.439364 ordinal=0.117331 global_step=2306
train batch 300/702 total=2.928356 ce=2.867261 ordinal=0.122191 global_step=2406
train batch 400/702 total=2.505217 ce=2.444088 ordinal=0.122257 global_step=2506
train batch 500/702 total=2.526236 ce=2.462832 ordinal=0.126808 global_step=2606
train batch 600/702 total=2.427016 ce=2.354710 ordinal=0.144612 global_step=2706
train batch 700/702 total=2.734070 ce=2.674815 ordinal=0.118510 global_step=2806
epoch 4 complete train={'total_loss': 2.4850961650034358, 'ce_loss': 2.424369109602149, 'ordinal_loss': 0.12145410759574689, 'pedal_token_accuracy': 0.5476298607214433, 'pedal_value_mae': 27.97094529955302, 'encoder_gradient_norm': 4.762530430825142, 'head_gradient_norm': 1.483235997835337, 'total_gradient_norm': 5.006814048682117, 'encoder_learning_rate': 9.999999999999835e-06, 'head_learning_rate': 0.00010000000000000139, 'exact_note_accuracy': 0.4941294420543526, 'pedal1_accuracy': 0.5454002453907484, 'pedal2_accuracy': 0.5458176949202306, 'pedal3_accuracy': 0.5495822199896403, 'pedal4_accuracy': 0.5497192825851536, 'valid_target_count': 22996792, 'valid_note_count': 5749198, 'amp_scale': 2048.0} validation={'total_loss': 2.3758677206587926, 'ce_loss': 2.295030764392223, 'ordinal_loss': 0.16167389913868152, 'pedal_token_accuracy': 0.5603829067138218, 'pedal_value_mae': 32.41507847101215, 'encoder_gradient_norm': 0.0, 'head_gradient_norm': 0.0, 'total_gradient_norm': 0.0, 'encoder_learning_rate': 0.0, 'head_learning_rate': 0.0, 'exact_note_accuracy': 0.5096351750927643, 'pedal1_accuracy': 0.5588981331168831, 'pedal2_accuracy': 0.5590938079777366, 'pedal3_accuracy': 0.5618767393320965, 'pedal4_accuracy': 0.5616629464285714, 'valid_target_count': 2207744, 'valid_note_count': 551936, 'amp_scale': 1.0} seconds=249.169 peak_gpu_bytes=9375132672 improved=False early_counter=2
epoch 5 start train_batches=702 validation_batches=68
train batch 100/702 total=2.709472 ce=2.646846 ordinal=0.125252 global_step=2908
train batch 200/702 total=2.223254 ce=2.167142 ordinal=0.112224 global_step=3008
train batch 300/702 total=2.535052 ce=2.473237 ordinal=0.123631 global_step=3108
train batch 400/702 total=2.605065 ce=2.543977 ordinal=0.122176 global_step=3208
train batch 500/702 total=2.174338 ce=2.120956 ordinal=0.106763 global_step=3308
train batch 600/702 total=2.520562 ce=2.463310 ordinal=0.114503 global_step=3408
train batch 700/702 total=2.480761 ce=2.423778 ordinal=0.113967 global_step=3508
epoch 5 complete train={'total_loss': 2.449246555721605, 'ce_loss': 2.3910415641655627, 'ordinal_loss': 0.11640998300102327, 'pedal_token_accuracy': 0.5531068855169017, 'pedal_value_mae': 27.13745300331417, 'encoder_gradient_norm': 5.222877412398757, 'head_gradient_norm': 1.4810419239788308, 'total_gradient_norm': 5.44732193734, 'encoder_learning_rate': 9.999999999999835e-06, 'head_learning_rate': 0.00010000000000000139, 'exact_note_accuracy': 0.4993887843139165, 'pedal1_accuracy': 0.5508330031423513, 'pedal2_accuracy': 0.5513068083583136, 'pedal3_accuracy': 0.5551000330828753, 'pedal4_accuracy': 0.5551876974840665, 'valid_target_count': 22996792, 'valid_note_count': 5749198, 'amp_scale': 2048.0} validation={'total_loss': 2.399242142135889, 'ce_loss': 2.318422631673335, 'ordinal_loss': 0.16163902858994444, 'pedal_token_accuracy': 0.5647869499362245, 'pedal_value_mae': 31.659751765582026, 'encoder_gradient_norm': 0.0, 'head_gradient_norm': 0.0, 'total_gradient_norm': 0.0, 'encoder_learning_rate': 0.0, 'head_learning_rate': 0.0, 'exact_note_accuracy': 0.5147589575602969, 'pedal1_accuracy': 0.5640219155844156, 'pedal2_accuracy': 0.5633732896567718, 'pedal3_accuracy': 0.5661344793599258, 'pedal4_accuracy': 0.5656181151437848, 'valid_target_count': 2207744, 'valid_note_count': 551936, 'amp_scale': 1.0} seconds=249.129 peak_gpu_bytes=9375132672 improved=False early_counter=3
epoch 6 start train_batches=702 validation_batches=68
train batch 100/702 total=2.679167 ce=2.623029 ordinal=0.112275 global_step=3610
train batch 200/702 total=2.087317 ce=2.036428 ordinal=0.101776 global_step=3710
train batch 300/702 total=1.941589 ce=1.886571 ordinal=0.110035 global_step=3810
train batch 400/702 total=2.940156 ce=2.884306 ordinal=0.111698 global_step=3910
train batch 500/702 total=2.118624 ce=2.076517 ordinal=0.084214 global_step=4010
train batch 600/702 total=2.960318 ce=2.908447 ordinal=0.103741 global_step=4110
train batch 700/702 total=2.835426 ce=2.771686 ordinal=0.127479 global_step=4210
epoch 6 complete train={'total_loss': 2.4113062879256435, 'ce_loss': 2.355663351794438, 'ordinal_loss': 0.11128587320600422, 'pedal_token_accuracy': 0.5578812470887243, 'pedal_value_mae': 26.404981404178496, 'encoder_gradient_norm': 5.2447258728060175, 'head_gradient_norm': 1.292516229919747, 'total_gradient_norm': 5.413747573665361, 'encoder_learning_rate': 9.999999999999836e-06, 'head_learning_rate': 0.00010000000000000136, 'exact_note_accuracy': 0.5040376066366126, 'pedal1_accuracy': 0.5555941889633997, 'pedal2_accuracy': 0.5559852000226814, 'pedal3_accuracy': 0.5599461003082516, 'pedal4_accuracy': 0.5599994990605647, 'valid_target_count': 22996792, 'valid_note_count': 5749198, 'amp_scale': 4096.0} validation={'total_loss': 2.3642462950911725, 'ce_loss': 2.2862794444600816, 'ordinal_loss': 0.15593367613202344, 'pedal_token_accuracy': 0.5725872202574211, 'pedal_value_mae': 30.741425639844337, 'encoder_gradient_norm': 0.0, 'head_gradient_norm': 0.0, 'total_gradient_norm': 0.0, 'encoder_learning_rate': 0.0, 'head_learning_rate': 0.0, 'exact_note_accuracy': 0.5207850185528757, 'pedal1_accuracy': 0.570997362012987, 'pedal2_accuracy': 0.571064398770872, 'pedal3_accuracy': 0.574015827922078, 'pedal4_accuracy': 0.5742712923237476, 'valid_target_count': 2207744, 'valid_note_count': 551936, 'amp_scale': 1.0} seconds=249.204 peak_gpu_bytes=9375132672 improved=False early_counter=4
ORDINAL RUN COMPLETE {"best_epoch": 2, "best_validation_loss": 2.3216739857572795, "completed_epoch": 6, "global_optimizer_step": 4212, "initial_parameter_sha256": "a4dd5903a82d9887c0a5784741ee78ce9ad842efc091e41ee3990f382e7720b8", "runtime_seconds": 1517.2674982883036, "stop_reason": "early_stopping"}
FIRST RUN STARTUP lambda=1.0 output=/workspace/project/analysis/stage2_encoder_only_ordinal_v0/lambda_1p0
ORDINAL RUN START {"allow_existing_log_dir": true, "amp_enabled": true, "amp_init_scale": 1024.0, "asap_root": "/workspace/public/ASAP/asap-dataset-v1.1", "batch_size": 16, "checkpoint_path": "/workspace/project/checkpoints/pianist_transformer", "early_stopping_min_delta": 0.0001, "early_stopping_patience": 4, "encoder_lr": 1e-05, "expected_gpu_uuid": "GPU-6982dbee-fbaf-f359-d7ef-a22d0e83400b", "freeze_encoder": false, "head_lr": 0.0001, "lambda_ordinal": 1.0, "loss_configuration": {"cdf_dtype": "float32", "classes": 128, "ignore_index": -100, "name": "cross_entropy_plus_squared_cdf_cramer_ordinal", "reduction": "mean_over_valid_targets_and_thresholds", "thresholds": 127}, "max_epochs": 20, "max_grad_norm": 1.0, "num_workers": 0, "output_dir": "/workspace/project/analysis/stage2_encoder_only_ordinal_v0/lambda_1p0", "pianist_transformer_commit": "747df2d12291e37f6638b39f1b71517e579ad48c", "pin_memory": true, "resume": null, "seed": 20260710, "split_csv": "/workspace/project/analysis/stage2_encoder_only_v0/asap_split.csv", "weight_decay": 0.01}
GPU uuid=GPU-6982dbee-fbaf-f359-d7ef-a22d0e83400b model=NVIDIA GeForce RTX 2080 Ti
preload seconds=64.774 train_performances=892 train_windows=11230 validation_performances=71 validation_windows=1078
initial_parameter_sha256=a4dd5903a82d9887c0a5784741ee78ce9ad842efc091e41ee3990f382e7720b8
epoch 1 start train_batches=702 validation_batches=68
train batch 100/702 total=2.274757 ce=2.120090 ordinal=0.154667 global_step=100
train batch 200/702 total=3.176363 ce=3.030829 ordinal=0.145534 global_step=200
train batch 300/702 total=3.349071 ce=3.179561 ordinal=0.169510 global_step=300
train batch 400/702 total=2.767210 ce=2.619748 ordinal=0.147462 global_step=400
train batch 500/702 total=2.553595 ce=2.389627 ordinal=0.163968 global_step=500
train batch 600/702 total=2.871807 ce=2.730486 ordinal=0.141320 global_step=600
train batch 700/702 total=2.271411 ce=2.124941 ordinal=0.146470 global_step=700
epoch 1 complete train={'total_loss': 2.8887951244014762, 'ce_loss': 2.7264965138787307, 'ordinal_loss': 0.16229860920276976, 'pedal_token_accuracy': 0.482958449161083, 'pedal_value_mae': 35.85627208870698, 'encoder_gradient_norm': 4.179974893439736, 'head_gradient_norm': 2.4044233530665458, 'total_gradient_norm': 4.987662571131306, 'encoder_learning_rate': 9.999999999999838e-06, 'head_learning_rate': 0.00010000000000000136, 'exact_note_accuracy': 0.42019460801315245, 'pedal1_accuracy': 0.4818769504894422, 'pedal2_accuracy': 0.4800097335315291, 'pedal3_accuracy': 0.48116902566236197, 'pedal4_accuracy': 0.4887780869609987, 'valid_target_count': 22996792, 'valid_note_count': 5749198, 'amp_scale': 1024.0} validation={'total_loss': 2.4282609045173773, 'ce_loss': 2.271173320365085, 'ordinal_loss': 0.15708759176874867, 'pedal_token_accuracy': 0.5613177977156771, 'pedal_value_mae': 32.5287710005808, 'encoder_gradient_norm': 0.0, 'head_gradient_norm': 0.0, 'total_gradient_norm': 0.0, 'encoder_learning_rate': 0.0, 'head_learning_rate': 0.0, 'exact_note_accuracy': 0.5088778409090909, 'pedal1_accuracy': 0.5607026901669759, 'pedal2_accuracy': 0.5592586821660482, 'pedal3_accuracy': 0.5625036236085343, 'pedal4_accuracy': 0.5628061949211502, 'valid_target_count': 2207744, 'valid_note_count': 551936, 'amp_scale': 1.0} seconds=249.021 peak_gpu_bytes=9389157376 improved=True early_counter=0
epoch 2 start train_batches=702 validation_batches=68
train batch 100/702 total=2.840257 ce=2.690936 ordinal=0.149321 global_step=802
train batch 200/702 total=2.900352 ce=2.727235 ordinal=0.173116 global_step=902
train batch 300/702 total=2.824698 ce=2.702010 ordinal=0.122688 global_step=1002
train batch 400/702 total=2.965605 ce=2.813211 ordinal=0.152394 global_step=1102
train batch 500/702 total=2.680469 ce=2.545654 ordinal=0.134815 global_step=1202
train batch 600/702 total=2.812799 ce=2.669337 ordinal=0.143462 global_step=1302
train batch 700/702 total=2.588019 ce=2.463163 ordinal=0.124856 global_step=1402
epoch 2 complete train={'total_loss': 2.6536605149669596, 'ce_loss': 2.516663129656483, 'ordinal_loss': 0.13699738653762747, 'pedal_token_accuracy': 0.5288982915530132, 'pedal_value_mae': 30.771312631594952, 'encoder_gradient_norm': 4.799992680587235, 'head_gradient_norm': 1.8215698973478833, 'total_gradient_norm': 5.159162697751682, 'encoder_learning_rate': 9.999999999999835e-06, 'head_learning_rate': 0.00010000000000000139, 'exact_note_accuracy': 0.4761700675468126, 'pedal1_accuracy': 0.5271637887580146, 'pedal2_accuracy': 0.526850527673599, 'pedal3_accuracy': 0.530603051069036, 'pedal4_accuracy': 0.5309757987114029, 'valid_target_count': 22996792, 'valid_note_count': 5749198, 'amp_scale': 1024.0} validation={'total_loss': 2.396898931165352, 'ce_loss': 2.245311951814202, 'ordinal_loss': 0.15158698553001726, 'pedal_token_accuracy': 0.5719512769596475, 'pedal_value_mae': 30.94333265177173, 'encoder_gradient_norm': 0.0, 'head_gradient_norm': 0.0, 'total_gradient_norm': 0.0, 'encoder_learning_rate': 0.0, 'head_learning_rate': 0.0, 'exact_note_accuracy': 0.5182829168599258, 'pedal1_accuracy': 0.570772698283859, 'pedal2_accuracy': 0.5700606592068646, 'pedal3_accuracy': 0.573466851229128, 'pedal4_accuracy': 0.5735048991187384, 'valid_target_count': 2207744, 'valid_note_count': 551936, 'amp_scale': 1.0} seconds=249.406 peak_gpu_bytes=9388764160 improved=True early_counter=0
epoch 3 start train_batches=702 validation_batches=68
train batch 100/702 total=3.041308 ce=2.900057 ordinal=0.141251 global_step=1504
train batch 200/702 total=2.609548 ce=2.486687 ordinal=0.122861 global_step=1604
train batch 300/702 total=2.535273 ce=2.410435 ordinal=0.124838 global_step=1704
train batch 400/702 total=2.446403 ce=2.335773 ordinal=0.110629 global_step=1804
train batch 500/702 total=2.394620 ce=2.258609 ordinal=0.136011 global_step=1904
train batch 600/702 total=2.588099 ce=2.457482 ordinal=0.130618 global_step=2004
train batch 700/702 total=2.971438 ce=2.825633 ordinal=0.145806 global_step=2104
epoch 3 complete train={'total_loss': 2.5889304721772155, 'ce_loss': 2.461692685425624, 'ordinal_loss': 0.12723778741413933, 'pedal_token_accuracy': 0.5410591616430674, 'pedal_value_mae': 28.955348474017956, 'encoder_gradient_norm': 4.500512467279631, 'head_gradient_norm': 1.5571233357925174, 'total_gradient_norm': 4.783192277164033, 'encoder_learning_rate': 9.999999999999836e-06, 'head_learning_rate': 0.00010000000000000139, 'exact_note_accuracy': 0.4876414066796795, 'pedal1_accuracy': 0.5389529113451998, 'pedal2_accuracy': 0.5393214844922718, 'pedal3_accuracy': 0.5429519039003353, 'pedal4_accuracy': 0.5430103468344628, 'valid_target_count': 22996792, 'valid_note_count': 5749198, 'amp_scale': 2048.0} validation={'total_loss': 2.4160458099421853, 'ce_loss': 2.262091501966699, 'ordinal_loss': 0.15395430533529877, 'pedal_token_accuracy': 0.5706295657467533, 'pedal_value_mae': 31.172670835024352, 'encoder_gradient_norm': 0.0, 'head_gradient_norm': 0.0, 'total_gradient_norm': 0.0, 'encoder_learning_rate': 0.0, 'head_learning_rate': 0.0, 'exact_note_accuracy': 0.5187014436456401, 'pedal1_accuracy': 0.5687452893089053, 'pedal2_accuracy': 0.5697037337662337, 'pedal3_accuracy': 0.572220329893321, 'pedal4_accuracy': 0.5718489100185529, 'valid_target_count': 2207744, 'valid_note_count': 551936, 'amp_scale': 1.0} seconds=249.305 peak_gpu_bytes=9388764160 improved=False early_counter=1
epoch 4 start train_batches=702 validation_batches=68
train batch 100/702 total=2.861601 ce=2.726745 ordinal=0.134855 global_step=2206
train batch 200/702 total=2.554049 ce=2.437362 ordinal=0.116687 global_step=2306
train batch 300/702 total=2.986516 ce=2.864800 ordinal=0.121716 global_step=2406
train batch 400/702 total=2.564854 ce=2.442947 ordinal=0.121907 global_step=2506
train batch 500/702 total=2.587825 ce=2.461589 ordinal=0.126236 global_step=2606
train batch 600/702 total=2.496350 ce=2.352354 ordinal=0.143996 global_step=2706
train batch 700/702 total=2.790457 ce=2.672331 ordinal=0.118126 global_step=2806
epoch 4 complete train={'total_loss': 2.5443671042301528, 'ce_loss': 2.4233083780681666, 'ordinal_loss': 0.12105872667389135, 'pedal_token_accuracy': 0.5482611661661331, 'pedal_value_mae': 27.875968266883806, 'encoder_gradient_norm': 5.147912352267363, 'head_gradient_norm': 1.568406876212694, 'total_gradient_norm': 5.400547346474095, 'encoder_learning_rate': 9.999999999999835e-06, 'head_learning_rate': 0.00010000000000000139, 'exact_note_accuracy': 0.4946691695085123, 'pedal1_accuracy': 0.5459942412837407, 'pedal2_accuracy': 0.546464915628232, 'pedal3_accuracy': 0.5502167432744532, 'pedal4_accuracy': 0.5503687644781063, 'valid_target_count': 22996792, 'valid_note_count': 5749198, 'amp_scale': 2048.0} validation={'total_loss': 2.456826517887151, 'ce_loss': 2.2953362891758085, 'ordinal_loss': 0.16149023574723384, 'pedal_token_accuracy': 0.5609368658685064, 'pedal_value_mae': 32.354810615638634, 'encoder_gradient_norm': 0.0, 'head_gradient_norm': 0.0, 'total_gradient_norm': 0.0, 'encoder_learning_rate': 0.0, 'head_learning_rate': 0.0, 'exact_note_accuracy': 0.5101189268320965, 'pedal1_accuracy': 0.5593836966604824, 'pedal2_accuracy': 0.5596699617346939, 'pedal3_accuracy': 0.5625054354128015, 'pedal4_accuracy': 0.5621883696660482, 'valid_target_count': 2207744, 'valid_note_count': 551936, 'amp_scale': 1.0} seconds=249.185 peak_gpu_bytes=9388764160 improved=False early_counter=2
epoch 5 start train_batches=702 validation_batches=68
train batch 100/702 total=2.773109 ce=2.647985 ordinal=0.125125 global_step=2908
train batch 200/702 total=2.272727 ce=2.161741 ordinal=0.110986 global_step=3008
train batch 300/702 total=2.594191 ce=2.471239 ordinal=0.122953 global_step=3108
train batch 400/702 total=2.663927 ce=2.542323 ordinal=0.121604 global_step=3208
train batch 500/702 total=2.225348 ce=2.119105 ordinal=0.106243 global_step=3308
train batch 600/702 total=2.577925 ce=2.463763 ordinal=0.114162 global_step=3408
train batch 700/702 total=2.539238 ce=2.425359 ordinal=0.113879 global_step=3508
epoch 5 complete train={'total_loss': 2.505931049899985, 'ce_loss': 2.389952459859478, 'ordinal_loss': 0.11597859267736524, 'pedal_token_accuracy': 0.5537546280368149, 'pedal_value_mae': 27.03884059345576, 'encoder_gradient_norm': 5.611424220408182, 'head_gradient_norm': 1.5616788917284998, 'total_gradient_norm': 5.843462939242607, 'encoder_learning_rate': 9.999999999999835e-06, 'head_learning_rate': 0.00010000000000000139, 'exact_note_accuracy': 0.5000010436238237, 'pedal1_accuracy': 0.5514723966716749, 'pedal2_accuracy': 0.551971770671318, 'pedal3_accuracy': 0.5557676044554388, 'pedal4_accuracy': 0.5558067403488278, 'valid_target_count': 22996792, 'valid_note_count': 5749198, 'amp_scale': 2048.0} validation={'total_loss': 2.481066119914152, 'ce_loss': 2.319454140145615, 'ordinal_loss': 0.16161198192492043, 'pedal_token_accuracy': 0.5649735657757421, 'pedal_value_mae': 31.6330231240154, 'encoder_gradient_norm': 0.0, 'head_gradient_norm': 0.0, 'total_gradient_norm': 0.0, 'encoder_learning_rate': 0.0, 'head_learning_rate': 0.0, 'exact_note_accuracy': 0.5148712894248608, 'pedal1_accuracy': 0.5641016349721707, 'pedal2_accuracy': 0.5635490346706865, 'pedal3_accuracy': 0.5663917555658627, 'pedal4_accuracy': 0.5658518378942486, 'valid_target_count': 2207744, 'valid_note_count': 551936, 'amp_scale': 1.0} seconds=249.164 peak_gpu_bytes=9388764160 improved=False early_counter=3
epoch 6 start train_batches=702 validation_batches=68
train batch 100/702 total=2.732632 ce=2.620928 ordinal=0.111704 global_step=3610
train batch 200/702 total=2.136301 ce=2.035041 ordinal=0.101260 global_step=3710
train batch 300/702 total=1.997646 ce=1.887839 ordinal=0.109807 global_step=3810
train batch 400/702 total=2.996339 ce=2.885029 ordinal=0.111310 global_step=3910
train batch 500/702 total=2.160210 ce=2.076181 ordinal=0.084030 global_step=4010
train batch 600/702 total=3.010396 ce=2.906964 ordinal=0.103432 global_step=4110
train batch 700/702 total=2.897342 ce=2.770195 ordinal=0.127148 global_step=4210
epoch 6 complete train={'total_loss': 2.4654974378278944, 'ce_loss': 2.3546734661283417, 'ordinal_loss': 0.11082397122104327, 'pedal_token_accuracy': 0.5585889110098486, 'pedal_value_mae': 26.297466234809146, 'encoder_gradient_norm': 5.582493994390583, 'head_gradient_norm': 1.3523853860331498, 'total_gradient_norm': 5.7565212712650595, 'encoder_learning_rate': 9.999999999999836e-06, 'head_learning_rate': 0.00010000000000000136, 'exact_note_accuracy': 0.5047813625483067, 'pedal1_accuracy': 0.5562927211760667, 'pedal2_accuracy': 0.5566701651256402, 'pedal3_accuracy': 0.5606585475052347, 'pedal4_accuracy': 0.5607342102324533, 'valid_target_count': 22996792, 'valid_note_count': 5749198, 'amp_scale': 4096.0} validation={'total_loss': 2.4454393493001225, 'ce_loss': 2.2891365268677197, 'ordinal_loss': 0.156302826524002, 'pedal_token_accuracy': 0.5722343713763914, 'pedal_value_mae': 30.78397359830329, 'encoder_gradient_norm': 0.0, 'head_gradient_norm': 0.0, 'total_gradient_norm': 0.0, 'encoder_learning_rate': 0.0, 'head_learning_rate': 0.0, 'exact_note_accuracy': 0.5204480229591837, 'pedal1_accuracy': 0.5706802962662337, 'pedal2_accuracy': 0.5706966025046383, 'pedal3_accuracy': 0.57365709067718, 'pedal4_accuracy': 0.5739034960575139, 'valid_target_count': 2207744, 'valid_note_count': 551936, 'amp_scale': 1.0} seconds=249.310 peak_gpu_bytes=9388764160 improved=False early_counter=4
ORDINAL RUN COMPLETE {"best_epoch": 2, "best_validation_loss": 2.396898931165352, "completed_epoch": 6, "global_optimizer_step": 4212, "initial_parameter_sha256": "a4dd5903a82d9887c0a5784741ee78ce9ad842efc091e41ee3990f382e7720b8", "runtime_seconds": 1517.5045880116522, "stop_reason": "early_stopping"}
validation model=ce_baseline performances=10/71
validation model=ce_baseline performances=20/71
validation model=ce_baseline performances=30/71
validation model=ce_baseline performances=40/71
validation model=ce_baseline performances=50/71
validation model=ce_baseline performances=60/71
validation model=ce_baseline performances=70/71
validation model=ce_baseline performances=71/71
validation model=ordinal_0p1 performances=10/71
validation model=ordinal_0p1 performances=20/71
validation model=ordinal_0p1 performances=30/71
validation model=ordinal_0p1 performances=40/71
validation model=ordinal_0p1 performances=50/71
validation model=ordinal_0p1 performances=60/71
validation model=ordinal_0p1 performances=70/71
validation model=ordinal_0p1 performances=71/71
validation model=ordinal_0p5 performances=10/71
validation model=ordinal_0p5 performances=20/71
validation model=ordinal_0p5 performances=30/71
validation model=ordinal_0p5 performances=40/71
validation model=ordinal_0p5 performances=50/71
validation model=ordinal_0p5 performances=60/71
validation model=ordinal_0p5 performances=70/71
validation model=ordinal_0p5 performances=71/71
validation model=ordinal_1p0 performances=10/71
validation model=ordinal_1p0 performances=20/71
validation model=ordinal_1p0 performances=30/71
validation model=ordinal_1p0 performances=40/71
validation model=ordinal_1p0 performances=50/71
validation model=ordinal_1p0 performances=60/71
validation model=ordinal_1p0 performances=70/71
validation model=ordinal_1p0 performances=71/71
VALIDATION COMPARISON COMPLETE {"performance_count": 71, "piece_count": 19, "retained_ce_baseline": true, "row_count": 8, "selected": null}
